
  .   ____          _            __ _ _
 /\\ / ___'_ __ _ _(_)_ __  __ _ \ \ \ \
( ( )\___ | '_ | '_| | '_ \/ _` | \ \ \ \
 \\/  ___)| |_)| | | | | || (_| |  ) ) ) )
  '  |____| .__|_| |_|_| |_\__, | / / / /
 =========|_|==============|___/=/_/_/_/
 :: Spring Boot ::                (v3.2.5)

2026-07-27T17:42:51.125+05:30  INFO 22816 --- [api-gateway] [           main] c.a.gateway.ApiGatewayApplication        : Starting ApiGatewayApplication v1.0.0 using Java 24.0.1 with PID 22816 (E:\alumni-management-system\ApiGateway\target\ApiGateway-1.0.0.jar started by ROHIT SINGH in E:\alumni-management-system)
2026-07-27T17:42:51.169+05:30  INFO 22816 --- [api-gateway] [           main] c.a.gateway.ApiGatewayApplication        : No active profile set, falling back to 1 default profile: "default"
2026-07-27T17:42:53.701+05:30  INFO 22816 --- [api-gateway] [           main] o.s.cloud.context.scope.GenericScope     : BeanFactory id=ce44ee2f-63a1-31bd-965e-6378b31393c5
2026-07-27T17:42:53.942+05:30  WARN 22816 --- [api-gateway] [           main] trationDelegate$BeanPostProcessorChecker : Bean 'org.springframework.cloud.client.loadbalancer.LoadBalancerAutoConfiguration$DeferringLoadBalancerInterceptorConfig' of type [org.springframework.cloud.client.loadbalancer.LoadBalancerAutoConfiguration$DeferringLoadBalancerInterceptorConfig] is not eligible for getting processed by all BeanPostProcessors (for example: not eligible for auto-proxying). The currently created BeanPostProcessor [lbRestClientPostProcessor] is declared through a non-static factory method on that class; consider declaring it as static instead.
2026-07-27T17:42:53.985+05:30  WARN 22816 --- [api-gateway] [           main] trationDelegate$BeanPostProcessorChecker : Bean 'deferringLoadBalancerInterceptor' of type [org.springframework.cloud.client.loadbalancer.DeferringLoadBalancerInterceptor] is not eligible for getting processed by all BeanPostProcessors (for example: not eligible for auto-proxying). Is this bean getting eagerly injected into a currently created BeanPostProcessor [lbRestClientPostProcessor]? Check the corresponding BeanPostProcessor declaration and its dependencies.
2026-07-27T17:42:53.990+05:30  WARN 22816 --- [api-gateway] [           main] trationDelegate$BeanPostProcessorChecker : Bean 'org.springframework.cloud.client.loadbalancer.reactive.LoadBalancerBeanPostProcessorAutoConfiguration' of type [org.springframework.cloud.client.loadbalancer.reactive.LoadBalancerBeanPostProcessorAutoConfiguration] is not eligible for getting processed by all BeanPostProcessors (for example: not eligible for auto-proxying). The currently created BeanPostProcessor [loadBalancerWebClientBuilderBeanPostProcessor] is declared through a non-static factory method on that class; consider declaring it as static instead.
2026-07-27T17:42:53.993+05:30  WARN 22816 --- [api-gateway] [           main] trationDelegate$BeanPostProcessorChecker : Bean 'org.springframework.cloud.client.loadbalancer.reactive.LoadBalancerBeanPostProcessorAutoConfiguration$ReactorDeferringLoadBalancerFilterConfig' of type [org.springframework.cloud.client.loadbalancer.reactive.LoadBalancerBeanPostProcessorAutoConfiguration$ReactorDeferringLoadBalancerFilterConfig] is not eligible for getting processed by all BeanPostProcessors (for example: not eligible for auto-proxying). Is this bean getting eagerly injected into a currently created BeanPostProcessor [loadBalancerWebClientBuilderBeanPostProcessor]? Check the corresponding BeanPostProcessor declaration and its dependencies.
2026-07-27T17:42:53.995+05:30  WARN 22816 --- [api-gateway] [           main] trationDelegate$BeanPostProcessorChecker : Bean 'reactorDeferringLoadBalancerExchangeFilterFunction' of type [org.springframework.cloud.client.loadbalancer.reactive.DeferringLoadBalancerExchangeFilterFunction] is not eligible for getting processed by all BeanPostProcessors (for example: not eligible for auto-proxying). Is this bean getting eagerly injected into a currently created BeanPostProcessor [loadBalancerWebClientBuilderBeanPostProcessor]? Check the corresponding BeanPostProcessor declaration and its dependencies.
2026-07-27T17:42:56.355+05:30  INFO 22816 --- [api-gateway] [           main] o.s.cloud.commons.util.InetUtils         : Cannot determine local hostname
2026-07-27T17:42:57.190+05:30  INFO 22816 --- [api-gateway] [           main] o.s.c.g.r.RouteDefinitionRouteLocator    : Loaded RoutePredicateFactory [After]
2026-07-27T17:42:57.229+05:30  INFO 22816 --- [api-gateway] [           main] o.s.c.g.r.RouteDefinitionRouteLocator    : Loaded RoutePredicateFactory [Before]
2026-07-27T17:42:57.230+05:30  INFO 22816 --- [api-gateway] [           main] o.s.c.g.r.RouteDefinitionRouteLocator    : Loaded RoutePredicateFactory [Between]
2026-07-27T17:42:57.230+05:30  INFO 22816 --- [api-gateway] [           main] o.s.c.g.r.RouteDefinitionRouteLocator    : Loaded RoutePredicateFactory [Cookie]
2026-07-27T17:42:57.231+05:30  INFO 22816 --- [api-gateway] [           main] o.s.c.g.r.RouteDefinitionRouteLocator    : Loaded RoutePredicateFactory [Header]
2026-07-27T17:42:57.231+05:30  INFO 22816 --- [api-gateway] [           main] o.s.c.g.r.RouteDefinitionRouteLocator    : Loaded RoutePredicateFactory [Host]
2026-07-27T17:42:57.232+05:30  INFO 22816 --- [api-gateway] [           main] o.s.c.g.r.RouteDefinitionRouteLocator    : Loaded RoutePredicateFactory [Method]
2026-07-27T17:42:57.232+05:30  INFO 22816 --- [api-gateway] [           main] o.s.c.g.r.RouteDefinitionRouteLocator    : Loaded RoutePredicateFactory [Path]
2026-07-27T17:42:57.233+05:30  INFO 22816 --- [api-gateway] [           main] o.s.c.g.r.RouteDefinitionRouteLocator    : Loaded RoutePredicateFactory [Query]
2026-07-27T17:42:57.233+05:30  INFO 22816 --- [api-gateway] [           main] o.s.c.g.r.RouteDefinitionRouteLocator    : Loaded RoutePredicateFactory [ReadBody]
2026-07-27T17:42:57.234+05:30  INFO 22816 --- [api-gateway] [           main] o.s.c.g.r.RouteDefinitionRouteLocator    : Loaded RoutePredicateFactory [RemoteAddr]
2026-07-27T17:42:57.234+05:30  INFO 22816 --- [api-gateway] [           main] o.s.c.g.r.RouteDefinitionRouteLocator    : Loaded RoutePredicateFactory [XForwardedRemoteAddr]
2026-07-27T17:42:57.235+05:30  INFO 22816 --- [api-gateway] [           main] o.s.c.g.r.RouteDefinitionRouteLocator    : Loaded RoutePredicateFactory [Weight]
2026-07-27T17:42:57.235+05:30  INFO 22816 --- [api-gateway] [           main] o.s.c.g.r.RouteDefinitionRouteLocator    : Loaded RoutePredicateFactory [CloudFoundryRouteService]
2026-07-27T17:42:59.219+05:30  INFO 22816 --- [api-gateway] [           main] o.s.cloud.commons.util.InetUtils         : Cannot determine local hostname
2026-07-27T17:42:59.278+05:30  INFO 22816 --- [api-gateway] [           main] DiscoveryClientOptionalArgsConfiguration : Eureka HTTP Client uses RestTemplate.
2026-07-27T17:43:00.313+05:30  INFO 22816 --- [api-gateway] [           main] o.s.cloud.commons.util.InetUtils         : Cannot determine local hostname
2026-07-27T17:43:00.367+05:30  WARN 22816 --- [api-gateway] [           main] iguration$LoadBalancerCaffeineWarnLogger : Spring Cloud LoadBalancer is currently working with the default cache. While this cache implementation is useful for development and tests, it's recommended to use Caffeine cache in production.You can switch to using Caffeine cache, by adding it and org.springframework.cache.caffeine.CaffeineCacheManager to the classpath.
2026-07-27T17:43:00.452+05:30  INFO 22816 --- [api-gateway] [           main] o.s.c.n.eureka.InstanceInfoFactory       : Setting initial instance status as: STARTING
2026-07-27T17:43:00.729+05:30  INFO 22816 --- [api-gateway] [           main] com.netflix.discovery.DiscoveryClient    : Initializing Eureka in region us-east-1
2026-07-27T17:43:00.778+05:30  INFO 22816 --- [api-gateway] [           main] c.n.d.s.r.aws.ConfigClusterResolver      : Resolving eureka endpoints via configuration
2026-07-27T17:43:00.822+05:30  INFO 22816 --- [api-gateway] [           main] com.netflix.discovery.DiscoveryClient    : Disable delta property : false
2026-07-27T17:43:00.823+05:30  INFO 22816 --- [api-gateway] [           main] com.netflix.discovery.DiscoveryClient    : Single vip registry refresh property : null
2026-07-27T17:43:00.824+05:30  INFO 22816 --- [api-gateway] [           main] com.netflix.discovery.DiscoveryClient    : Force full registry fetch : false
2026-07-27T17:43:00.824+05:30  INFO 22816 --- [api-gateway] [           main] com.netflix.discovery.DiscoveryClient    : Application is null : false
2026-07-27T17:43:00.824+05:30  INFO 22816 --- [api-gateway] [           main] com.netflix.discovery.DiscoveryClient    : Registered Applications size is zero : true
2026-07-27T17:43:00.825+05:30  INFO 22816 --- [api-gateway] [           main] com.netflix.discovery.DiscoveryClient    : Application version is -1: true
2026-07-27T17:43:00.825+05:30  INFO 22816 --- [api-gateway] [           main] com.netflix.discovery.DiscoveryClient    : Getting all instance registry info from the eureka server
2026-07-27T17:43:02.268+05:30  INFO 22816 --- [api-gateway] [           main] com.netflix.discovery.DiscoveryClient    : The response status is 200
2026-07-27T17:43:02.310+05:30  INFO 22816 --- [api-gateway] [           main] com.netflix.discovery.DiscoveryClient    : Starting heartbeat executor: renew interval is: 30
2026-07-27T17:43:02.316+05:30  INFO 22816 --- [api-gateway] [           main] c.n.discovery.InstanceInfoReplicator     : InstanceInfoReplicator onDemand update allowed rate per min is 4
2026-07-27T17:43:02.330+05:30  INFO 22816 --- [api-gateway] [           main] com.netflix.discovery.DiscoveryClient    : Discovery Client initialized at timestamp 1785154382328 with initial instances count: 0
2026-07-27T17:43:02.344+05:30  INFO 22816 --- [api-gateway] [           main] o.s.c.n.e.s.EurekaServiceRegistry        : Registering application API-GATEWAY with eureka with status UP
2026-07-27T17:43:02.347+05:30  INFO 22816 --- [api-gateway] [           main] com.netflix.discovery.DiscoveryClient    : Saw local status change event StatusChangeEvent [timestamp=1785154382347, current=UP, previous=STARTING]
2026-07-27T17:43:02.353+05:30  INFO 22816 --- [api-gateway] [nfoReplicator-0] com.netflix.discovery.DiscoveryClient    : DiscoveryClient_API-GATEWAY/localhost:api-gateway:9191: registering service...
2026-07-27T17:43:02.845+05:30  INFO 22816 --- [api-gateway] [nfoReplicator-0] com.netflix.discovery.DiscoveryClient    : DiscoveryClient_API-GATEWAY/localhost:api-gateway:9191 - registration status: 204
2026-07-27T17:43:03.131+05:30  INFO 22816 --- [api-gateway] [           main] o.s.b.web.embedded.netty.NettyWebServer  : Netty started on port 9191
2026-07-27T17:43:03.172+05:30  INFO 22816 --- [api-gateway] [           main] .s.c.n.e.s.EurekaAutoServiceRegistration : Updating port to 9191
2026-07-27T17:43:04.193+05:30  INFO 22816 --- [api-gateway] [           main] o.s.cloud.commons.util.InetUtils         : Cannot determine local hostname
2026-07-27T17:43:05.265+05:30  INFO 22816 --- [api-gateway] [           main] o.s.cloud.commons.util.InetUtils         : Cannot determine local hostname
2026-07-27T17:43:05.373+05:30  INFO 22816 --- [api-gateway] [           main] c.a.gateway.ApiGatewayApplication        : Started ApiGatewayApplication in 16.299 seconds (process running for 17.458)
2026-07-27T17:43:32.366+05:30  INFO 22816 --- [api-gateway] [freshExecutor-0] com.netflix.discovery.DiscoveryClient    : Disable delta property : false
2026-07-27T17:43:32.368+05:30  INFO 22816 --- [api-gateway] [freshExecutor-0] com.netflix.discovery.DiscoveryClient    : Single vip registry refresh property : null
2026-07-27T17:43:32.369+05:30  INFO 22816 --- [api-gateway] [freshExecutor-0] com.netflix.discovery.DiscoveryClient    : Force full registry fetch : false
2026-07-27T17:43:32.369+05:30  INFO 22816 --- [api-gateway] [freshExecutor-0] com.netflix.discovery.DiscoveryClient    : Application is null : false
2026-07-27T17:43:32.370+05:30  INFO 22816 --- [api-gateway] [freshExecutor-0] com.netflix.discovery.DiscoveryClient    : Registered Applications size is zero : true
2026-07-27T17:43:32.370+05:30  INFO 22816 --- [api-gateway] [freshExecutor-0] com.netflix.discovery.DiscoveryClient    : Application version is -1: false
2026-07-27T17:43:32.371+05:30  INFO 22816 --- [api-gateway] [freshExecutor-0] com.netflix.discovery.DiscoveryClient    : Getting all instance registry info from the eureka server
2026-07-27T17:43:32.427+05:30  INFO 22816 --- [api-gateway] [freshExecutor-0] com.netflix.discovery.DiscoveryClient    : The response status is 200
2026-07-27T17:48:00.848+05:30  INFO 22816 --- [api-gateway] [trap-executor-0] c.n.d.s.r.aws.ConfigClusterResolver      : Resolving eureka endpoints via configuration
2026-07-27T17:53:00.851+05:30  INFO 22816 --- [api-gateway] [trap-executor-0] c.n.d.s.r.aws.ConfigClusterResolver      : Resolving eureka endpoints via configuration
