
  .   ____          _            __ _ _
 /\\ / ___'_ __ _ _(_)_ __  __ _ \ \ \ \
( ( )\___ | '_ | '_| | '_ \/ _` | \ \ \ \
 \\/  ___)| |_)| | | | | || (_| |  ) ) ) )
  '  |____| .__|_| |_|_| |_\__, | / / / /
 =========|_|==============|___/=/_/_/_/
 :: Spring Boot ::                (v3.2.5)

2026-07-28T14:47:01.685+05:30  INFO 4772 --- [APPLICATION-SERVICE] [           main] c.a.a.ApplicationServiceApplication      : Starting ApplicationServiceApplication v1.0.0 using Java 24.0.1 with PID 4772 (E:\alumni-management-system\ApplicationMS\target\application-ms-1.0.0.jar started by ROHIT SINGH in E:\alumni-management-system)
2026-07-28T14:47:01.693+05:30  INFO 4772 --- [APPLICATION-SERVICE] [           main] c.a.a.ApplicationServiceApplication      : No active profile set, falling back to 1 default profile: "default"
2026-07-28T14:47:06.005+05:30  INFO 4772 --- [APPLICATION-SERVICE] [           main] .s.d.r.c.RepositoryConfigurationDelegate : Bootstrapping Spring Data JPA repositories in DEFAULT mode.
2026-07-28T14:47:06.401+05:30  INFO 4772 --- [APPLICATION-SERVICE] [           main] .s.d.r.c.RepositoryConfigurationDelegate : Finished Spring Data repository scanning in 370 ms. Found 1 JPA repository interface.
2026-07-28T14:47:06.883+05:30  INFO 4772 --- [APPLICATION-SERVICE] [           main] o.s.cloud.context.scope.GenericScope     : BeanFactory id=a2012cd4-1a2f-3cc8-b1f9-16492209edf9
2026-07-28T14:47:07.168+05:30  WARN 4772 --- [APPLICATION-SERVICE] [           main] trationDelegate$BeanPostProcessorChecker : Bean 'org.springframework.cloud.client.loadbalancer.LoadBalancerAutoConfiguration$DeferringLoadBalancerInterceptorConfig' of type [org.springframework.cloud.client.loadbalancer.LoadBalancerAutoConfiguration$DeferringLoadBalancerInterceptorConfig] is not eligible for getting processed by all BeanPostProcessors (for example: not eligible for auto-proxying). The currently created BeanPostProcessor [lbRestClientPostProcessor] is declared through a non-static factory method on that class; consider declaring it as static instead.
2026-07-28T14:47:07.173+05:30  WARN 4772 --- [APPLICATION-SERVICE] [           main] trationDelegate$BeanPostProcessorChecker : Bean 'deferringLoadBalancerInterceptor' of type [org.springframework.cloud.client.loadbalancer.DeferringLoadBalancerInterceptor] is not eligible for getting processed by all BeanPostProcessors (for example: not eligible for auto-proxying). Is this bean getting eagerly injected into a currently created BeanPostProcessor [lbRestClientPostProcessor]? Check the corresponding BeanPostProcessor declaration and its dependencies.
2026-07-28T14:47:07.744+05:30  INFO 4772 --- [APPLICATION-SERVICE] [           main] o.s.b.w.embedded.tomcat.TomcatWebServer  : Tomcat initialized with port 8084 (http)
2026-07-28T14:47:07.782+05:30  INFO 4772 --- [APPLICATION-SERVICE] [           main] o.apache.catalina.core.StandardService   : Starting service [Tomcat]
2026-07-28T14:47:07.788+05:30  INFO 4772 --- [APPLICATION-SERVICE] [           main] o.apache.catalina.core.StandardEngine    : Starting Servlet engine: [Apache Tomcat/10.1.20]
2026-07-28T14:47:07.927+05:30  INFO 4772 --- [APPLICATION-SERVICE] [           main] o.a.c.c.C.[Tomcat].[localhost].[/]       : Initializing Spring embedded WebApplicationContext
2026-07-28T14:47:07.943+05:30  INFO 4772 --- [APPLICATION-SERVICE] [           main] w.s.c.ServletWebServerApplicationContext : Root WebApplicationContext: initialization completed in 5811 ms
2026-07-28T14:47:08.679+05:30  INFO 4772 --- [APPLICATION-SERVICE] [           main] o.hibernate.jpa.internal.util.LogHelper  : HHH000204: Processing PersistenceUnitInfo [name: default]
2026-07-28T14:47:09.316+05:30  INFO 4772 --- [APPLICATION-SERVICE] [           main] org.hibernate.Version                    : HHH000412: Hibernate ORM core version 6.4.4.Final
2026-07-28T14:47:09.577+05:30  INFO 4772 --- [APPLICATION-SERVICE] [           main] o.h.c.internal.RegionFactoryInitiator    : HHH000026: Second-level cache disabled
2026-07-28T14:47:11.117+05:30  INFO 4772 --- [APPLICATION-SERVICE] [           main] o.s.o.j.p.SpringPersistenceUnitInfo      : No LoadTimeWeaver setup: ignoring JPA class transformer
2026-07-28T14:47:11.293+05:30  INFO 4772 --- [APPLICATION-SERVICE] [           main] com.zaxxer.hikari.HikariDataSource       : HikariPool-1 - Starting...
2026-07-28T14:47:12.289+05:30  INFO 4772 --- [APPLICATION-SERVICE] [           main] com.zaxxer.hikari.pool.HikariPool        : HikariPool-1 - Added connection com.mysql.cj.jdbc.ConnectionImpl@4e8d9bb6
2026-07-28T14:47:12.298+05:30  INFO 4772 --- [APPLICATION-SERVICE] [           main] com.zaxxer.hikari.HikariDataSource       : HikariPool-1 - Start completed.
2026-07-28T14:47:12.514+05:30  WARN 4772 --- [APPLICATION-SERVICE] [           main] org.hibernate.orm.deprecation            : HHH90000025: MySQLDialect does not need to be specified explicitly using 'hibernate.dialect' (remove the property setting and it will be selected by default)
2026-07-28T14:47:15.143+05:30  INFO 4772 --- [APPLICATION-SERVICE] [           main] o.h.e.t.j.p.i.JtaPlatformInitiator       : HHH000489: No JTA platform available (set 'hibernate.transaction.jta.platform' to enable JTA platform integration)
2026-07-28T14:47:15.256+05:30  INFO 4772 --- [APPLICATION-SERVICE] [           main] j.LocalContainerEntityManagerFactoryBean : Initialized JPA EntityManagerFactory for persistence unit 'default'
2026-07-28T14:47:18.330+05:30  WARN 4772 --- [APPLICATION-SERVICE] [           main] JpaBaseConfiguration$JpaWebConfiguration : spring.jpa.open-in-view is enabled by default. Therefore, database queries may be performed during view rendering. Explicitly configure spring.jpa.open-in-view to disable this warning
2026-07-28T14:47:19.705+05:30  INFO 4772 --- [APPLICATION-SERVICE] [           main] o.s.cloud.commons.util.InetUtils         : Cannot determine local hostname
2026-07-28T14:47:19.885+05:30  INFO 4772 --- [APPLICATION-SERVICE] [           main] o.s.c.openfeign.FeignClientFactoryBean   : For 'job-service' URL not provided. Will try picking an instance via load-balancing.
2026-07-28T14:47:22.818+05:30  INFO 4772 --- [APPLICATION-SERVICE] [           main] o.s.cloud.commons.util.InetUtils         : Cannot determine local hostname
2026-07-28T14:47:22.930+05:30  INFO 4772 --- [APPLICATION-SERVICE] [           main] DiscoveryClientOptionalArgsConfiguration : Eureka HTTP Client uses RestTemplate.
2026-07-28T14:47:23.052+05:30  WARN 4772 --- [APPLICATION-SERVICE] [           main] iguration$LoadBalancerCaffeineWarnLogger : Spring Cloud LoadBalancer is currently working with the default cache. While this cache implementation is useful for development and tests, it's recommended to use Caffeine cache in production.You can switch to using Caffeine cache, by adding it and org.springframework.cache.caffeine.CaffeineCacheManager to the classpath.
2026-07-28T14:47:23.174+05:30  INFO 4772 --- [APPLICATION-SERVICE] [           main] o.s.c.n.eureka.InstanceInfoFactory       : Setting initial instance status as: STARTING
2026-07-28T14:47:23.701+05:30  INFO 4772 --- [APPLICATION-SERVICE] [           main] com.netflix.discovery.DiscoveryClient    : Initializing Eureka in region us-east-1
2026-07-28T14:47:23.716+05:30  INFO 4772 --- [APPLICATION-SERVICE] [           main] c.n.d.s.r.aws.ConfigClusterResolver      : Resolving eureka endpoints via configuration
2026-07-28T14:47:23.798+05:30  INFO 4772 --- [APPLICATION-SERVICE] [           main] com.netflix.discovery.DiscoveryClient    : Disable delta property : false
2026-07-28T14:47:23.799+05:30  INFO 4772 --- [APPLICATION-SERVICE] [           main] com.netflix.discovery.DiscoveryClient    : Single vip registry refresh property : null
2026-07-28T14:47:23.799+05:30  INFO 4772 --- [APPLICATION-SERVICE] [           main] com.netflix.discovery.DiscoveryClient    : Force full registry fetch : false
2026-07-28T14:47:23.800+05:30  INFO 4772 --- [APPLICATION-SERVICE] [           main] com.netflix.discovery.DiscoveryClient    : Application is null : false
2026-07-28T14:47:23.800+05:30  INFO 4772 --- [APPLICATION-SERVICE] [           main] com.netflix.discovery.DiscoveryClient    : Registered Applications size is zero : true
2026-07-28T14:47:23.801+05:30  INFO 4772 --- [APPLICATION-SERVICE] [           main] com.netflix.discovery.DiscoveryClient    : Application version is -1: true
2026-07-28T14:47:23.801+05:30  INFO 4772 --- [APPLICATION-SERVICE] [           main] com.netflix.discovery.DiscoveryClient    : Getting all instance registry info from the eureka server
2026-07-28T14:47:25.336+05:30  INFO 4772 --- [APPLICATION-SERVICE] [           main] com.netflix.discovery.DiscoveryClient    : The response status is 200
2026-07-28T14:47:25.343+05:30  INFO 4772 --- [APPLICATION-SERVICE] [           main] com.netflix.discovery.DiscoveryClient    : Starting heartbeat executor: renew interval is: 30
2026-07-28T14:47:25.349+05:30  INFO 4772 --- [APPLICATION-SERVICE] [           main] c.n.discovery.InstanceInfoReplicator     : InstanceInfoReplicator onDemand update allowed rate per min is 4
2026-07-28T14:47:25.362+05:30  INFO 4772 --- [APPLICATION-SERVICE] [           main] com.netflix.discovery.DiscoveryClient    : Discovery Client initialized at timestamp 1785230245361 with initial instances count: 1
2026-07-28T14:47:25.371+05:30  INFO 4772 --- [APPLICATION-SERVICE] [           main] o.s.c.n.e.s.EurekaServiceRegistry        : Registering application APPLICATION-SERVICE with eureka with status UP
2026-07-28T14:47:25.373+05:30  INFO 4772 --- [APPLICATION-SERVICE] [           main] com.netflix.discovery.DiscoveryClient    : Saw local status change event StatusChangeEvent [timestamp=1785230245373, current=UP, previous=STARTING]
2026-07-28T14:47:25.377+05:30  INFO 4772 --- [APPLICATION-SERVICE] [nfoReplicator-0] com.netflix.discovery.DiscoveryClient    : DiscoveryClient_APPLICATION-SERVICE/localhost:APPLICATION-SERVICE:8084: registering service...
2026-07-28T14:47:25.429+05:30  INFO 4772 --- [APPLICATION-SERVICE] [           main] o.s.b.w.embedded.tomcat.TomcatWebServer  : Tomcat started on port 8084 (http) with context path ''
2026-07-28T14:47:25.431+05:30  INFO 4772 --- [APPLICATION-SERVICE] [           main] .s.c.n.e.s.EurekaAutoServiceRegistration : Updating port to 8084
2026-07-28T14:47:25.471+05:30  INFO 4772 --- [APPLICATION-SERVICE] [nfoReplicator-0] com.netflix.discovery.DiscoveryClient    : DiscoveryClient_APPLICATION-SERVICE/localhost:APPLICATION-SERVICE:8084 - registration status: 204
2026-07-28T14:47:26.443+05:30  INFO 4772 --- [APPLICATION-SERVICE] [           main] o.s.cloud.commons.util.InetUtils         : Cannot determine local hostname
2026-07-28T14:47:26.469+05:30  INFO 4772 --- [APPLICATION-SERVICE] [           main] c.a.a.ApplicationServiceApplication      : Started ApplicationServiceApplication in 27.237 seconds (process running for 28.684)
2026-07-28T14:52:23.809+05:30  INFO 4772 --- [APPLICATION-SERVICE] [trap-executor-0] c.n.d.s.r.aws.ConfigClusterResolver      : Resolving eureka endpoints via configuration
2026-07-28T14:57:23.811+05:30  INFO 4772 --- [APPLICATION-SERVICE] [trap-executor-0] c.n.d.s.r.aws.ConfigClusterResolver      : Resolving eureka endpoints via configuration
2026-07-28T15:02:23.813+05:30  INFO 4772 --- [APPLICATION-SERVICE] [trap-executor-0] c.n.d.s.r.aws.ConfigClusterResolver      : Resolving eureka endpoints via configuration
2026-07-28T15:07:23.839+05:30  INFO 4772 --- [APPLICATION-SERVICE] [trap-executor-0] c.n.d.s.r.aws.ConfigClusterResolver      : Resolving eureka endpoints via configuration
2026-07-28T15:12:23.861+05:30  INFO 4772 --- [APPLICATION-SERVICE] [trap-executor-0] c.n.d.s.r.aws.ConfigClusterResolver      : Resolving eureka endpoints via configuration
2026-07-28T15:17:23.873+05:30  INFO 4772 --- [APPLICATION-SERVICE] [trap-executor-0] c.n.d.s.r.aws.ConfigClusterResolver      : Resolving eureka endpoints via configuration
2026-07-28T15:22:23.896+05:30  INFO 4772 --- [APPLICATION-SERVICE] [trap-executor-0] c.n.d.s.r.aws.ConfigClusterResolver      : Resolving eureka endpoints via configuration
2026-07-28T15:27:23.905+05:30  INFO 4772 --- [APPLICATION-SERVICE] [trap-executor-0] c.n.d.s.r.aws.ConfigClusterResolver      : Resolving eureka endpoints via configuration
2026-07-28T15:32:23.917+05:30  INFO 4772 --- [APPLICATION-SERVICE] [trap-executor-0] c.n.d.s.r.aws.ConfigClusterResolver      : Resolving eureka endpoints via configuration
