
  .   ____          _            __ _ _
 /\\ / ___'_ __ _ _(_)_ __  __ _ \ \ \ \
( ( )\___ | '_ | '_| | '_ \/ _` | \ \ \ \
 \\/  ___)| |_)| | | | | || (_| |  ) ) ) )
  '  |____| .__|_| |_|_| |_\__, | / / / /
 =========|_|==============|___/=/_/_/_/
 :: Spring Boot ::                (v3.2.5)

2026-07-28T14:46:57.440+05:30  INFO 18052 --- [JOB-SERVICE] [           main] com.alumniconnect.job.JobApplication     : Starting JobApplication v1.0.0 using Java 24.0.1 with PID 18052 (E:\alumni-management-system\JobMS\target\job-ms-1.0.0.jar started by ROHIT SINGH in E:\alumni-management-system)
2026-07-28T14:46:57.452+05:30  INFO 18052 --- [JOB-SERVICE] [           main] com.alumniconnect.job.JobApplication     : No active profile set, falling back to 1 default profile: "default"
2026-07-28T14:47:00.273+05:30  INFO 18052 --- [JOB-SERVICE] [           main] .s.d.r.c.RepositoryConfigurationDelegate : Bootstrapping Spring Data JPA repositories in DEFAULT mode.
2026-07-28T14:47:00.777+05:30  INFO 18052 --- [JOB-SERVICE] [           main] .s.d.r.c.RepositoryConfigurationDelegate : Finished Spring Data repository scanning in 485 ms. Found 1 JPA repository interface.
2026-07-28T14:47:01.332+05:30  INFO 18052 --- [JOB-SERVICE] [           main] o.s.cloud.context.scope.GenericScope     : BeanFactory id=1e20f45f-d30d-38b1-b18c-a84e9219779c
2026-07-28T14:47:01.774+05:30  WARN 18052 --- [JOB-SERVICE] [           main] trationDelegate$BeanPostProcessorChecker : Bean 'org.springframework.cloud.client.loadbalancer.LoadBalancerAutoConfiguration$DeferringLoadBalancerInterceptorConfig' of type [org.springframework.cloud.client.loadbalancer.LoadBalancerAutoConfiguration$DeferringLoadBalancerInterceptorConfig] is not eligible for getting processed by all BeanPostProcessors (for example: not eligible for auto-proxying). The currently created BeanPostProcessor [lbRestClientPostProcessor] is declared through a non-static factory method on that class; consider declaring it as static instead.
2026-07-28T14:47:01.780+05:30  WARN 18052 --- [JOB-SERVICE] [           main] trationDelegate$BeanPostProcessorChecker : Bean 'deferringLoadBalancerInterceptor' of type [org.springframework.cloud.client.loadbalancer.DeferringLoadBalancerInterceptor] is not eligible for getting processed by all BeanPostProcessors (for example: not eligible for auto-proxying). Is this bean getting eagerly injected into a currently created BeanPostProcessor [lbRestClientPostProcessor]? Check the corresponding BeanPostProcessor declaration and its dependencies.
2026-07-28T14:47:02.774+05:30  INFO 18052 --- [JOB-SERVICE] [           main] o.s.b.w.embedded.tomcat.TomcatWebServer  : Tomcat initialized with port 8083 (http)
2026-07-28T14:47:02.816+05:30  INFO 18052 --- [JOB-SERVICE] [           main] o.apache.catalina.core.StandardService   : Starting service [Tomcat]
2026-07-28T14:47:02.817+05:30  INFO 18052 --- [JOB-SERVICE] [           main] o.apache.catalina.core.StandardEngine    : Starting Servlet engine: [Apache Tomcat/10.1.20]
2026-07-28T14:47:02.966+05:30  INFO 18052 --- [JOB-SERVICE] [           main] o.a.c.c.C.[Tomcat].[localhost].[/]       : Initializing Spring embedded WebApplicationContext
2026-07-28T14:47:02.969+05:30  INFO 18052 --- [JOB-SERVICE] [           main] w.s.c.ServletWebServerApplicationContext : Root WebApplicationContext: initialization completed in 5309 ms
2026-07-28T14:47:03.856+05:30  INFO 18052 --- [JOB-SERVICE] [           main] o.hibernate.jpa.internal.util.LogHelper  : HHH000204: Processing PersistenceUnitInfo [name: default]
2026-07-28T14:47:04.397+05:30  INFO 18052 --- [JOB-SERVICE] [           main] org.hibernate.Version                    : HHH000412: Hibernate ORM core version 6.4.4.Final
2026-07-28T14:47:04.622+05:30  INFO 18052 --- [JOB-SERVICE] [           main] o.h.c.internal.RegionFactoryInitiator    : HHH000026: Second-level cache disabled
2026-07-28T14:47:05.655+05:30  INFO 18052 --- [JOB-SERVICE] [           main] o.s.o.j.p.SpringPersistenceUnitInfo      : No LoadTimeWeaver setup: ignoring JPA class transformer
2026-07-28T14:47:05.736+05:30  INFO 18052 --- [JOB-SERVICE] [           main] com.zaxxer.hikari.HikariDataSource       : HikariPool-1 - Starting...
2026-07-28T14:47:06.278+05:30  INFO 18052 --- [JOB-SERVICE] [           main] com.zaxxer.hikari.pool.HikariPool        : HikariPool-1 - Added connection com.mysql.cj.jdbc.ConnectionImpl@7b4b8199
2026-07-28T14:47:06.281+05:30  INFO 18052 --- [JOB-SERVICE] [           main] com.zaxxer.hikari.HikariDataSource       : HikariPool-1 - Start completed.
2026-07-28T14:47:06.382+05:30  WARN 18052 --- [JOB-SERVICE] [           main] org.hibernate.orm.deprecation            : HHH90000025: MySQLDialect does not need to be specified explicitly using 'hibernate.dialect' (remove the property setting and it will be selected by default)
2026-07-28T14:47:08.517+05:30  INFO 18052 --- [JOB-SERVICE] [           main] o.h.e.t.j.p.i.JtaPlatformInitiator       : HHH000489: No JTA platform available (set 'hibernate.transaction.jta.platform' to enable JTA platform integration)
2026-07-28T14:47:08.730+05:30  INFO 18052 --- [JOB-SERVICE] [           main] j.LocalContainerEntityManagerFactoryBean : Initialized JPA EntityManagerFactory for persistence unit 'default'
2026-07-28T14:47:11.424+05:30  WARN 18052 --- [JOB-SERVICE] [           main] JpaBaseConfiguration$JpaWebConfiguration : spring.jpa.open-in-view is enabled by default. Therefore, database queries may be performed during view rendering. Explicitly configure spring.jpa.open-in-view to disable this warning
2026-07-28T14:47:14.440+05:30  INFO 18052 --- [JOB-SERVICE] [           main] o.s.cloud.commons.util.InetUtils         : Cannot determine local hostname
2026-07-28T14:47:15.570+05:30  INFO 18052 --- [JOB-SERVICE] [           main] o.s.cloud.commons.util.InetUtils         : Cannot determine local hostname
2026-07-28T14:47:15.720+05:30  INFO 18052 --- [JOB-SERVICE] [           main] DiscoveryClientOptionalArgsConfiguration : Eureka HTTP Client uses RestTemplate.
2026-07-28T14:47:15.912+05:30  WARN 18052 --- [JOB-SERVICE] [           main] iguration$LoadBalancerCaffeineWarnLogger : Spring Cloud LoadBalancer is currently working with the default cache. While this cache implementation is useful for development and tests, it's recommended to use Caffeine cache in production.You can switch to using Caffeine cache, by adding it and org.springframework.cache.caffeine.CaffeineCacheManager to the classpath.
2026-07-28T14:47:16.007+05:30  INFO 18052 --- [JOB-SERVICE] [           main] o.s.c.n.eureka.InstanceInfoFactory       : Setting initial instance status as: STARTING
2026-07-28T14:47:16.516+05:30  INFO 18052 --- [JOB-SERVICE] [           main] com.netflix.discovery.DiscoveryClient    : Initializing Eureka in region us-east-1
2026-07-28T14:47:16.535+05:30  INFO 18052 --- [JOB-SERVICE] [           main] c.n.d.s.r.aws.ConfigClusterResolver      : Resolving eureka endpoints via configuration
2026-07-28T14:47:16.695+05:30  INFO 18052 --- [JOB-SERVICE] [           main] com.netflix.discovery.DiscoveryClient    : Disable delta property : false
2026-07-28T14:47:16.697+05:30  INFO 18052 --- [JOB-SERVICE] [           main] com.netflix.discovery.DiscoveryClient    : Single vip registry refresh property : null
2026-07-28T14:47:16.699+05:30  INFO 18052 --- [JOB-SERVICE] [           main] com.netflix.discovery.DiscoveryClient    : Force full registry fetch : false
2026-07-28T14:47:16.700+05:30  INFO 18052 --- [JOB-SERVICE] [           main] com.netflix.discovery.DiscoveryClient    : Application is null : false
2026-07-28T14:47:16.700+05:30  INFO 18052 --- [JOB-SERVICE] [           main] com.netflix.discovery.DiscoveryClient    : Registered Applications size is zero : true
2026-07-28T14:47:16.700+05:30  INFO 18052 --- [JOB-SERVICE] [           main] com.netflix.discovery.DiscoveryClient    : Application version is -1: true
2026-07-28T14:47:16.700+05:30  INFO 18052 --- [JOB-SERVICE] [           main] com.netflix.discovery.DiscoveryClient    : Getting all instance registry info from the eureka server
2026-07-28T14:47:18.683+05:30  INFO 18052 --- [JOB-SERVICE] [           main] com.netflix.discovery.DiscoveryClient    : The response status is 200
2026-07-28T14:47:18.692+05:30  INFO 18052 --- [JOB-SERVICE] [           main] com.netflix.discovery.DiscoveryClient    : Starting heartbeat executor: renew interval is: 30
2026-07-28T14:47:18.700+05:30  INFO 18052 --- [JOB-SERVICE] [           main] c.n.discovery.InstanceInfoReplicator     : InstanceInfoReplicator onDemand update allowed rate per min is 4
2026-07-28T14:47:18.717+05:30  INFO 18052 --- [JOB-SERVICE] [           main] com.netflix.discovery.DiscoveryClient    : Discovery Client initialized at timestamp 1785230238714 with initial instances count: 1
2026-07-28T14:47:18.728+05:30  INFO 18052 --- [JOB-SERVICE] [           main] o.s.c.n.e.s.EurekaServiceRegistry        : Registering application JOB-SERVICE with eureka with status UP
2026-07-28T14:47:18.733+05:30  INFO 18052 --- [JOB-SERVICE] [           main] com.netflix.discovery.DiscoveryClient    : Saw local status change event StatusChangeEvent [timestamp=1785230238733, current=UP, previous=STARTING]
2026-07-28T14:47:18.741+05:30  INFO 18052 --- [JOB-SERVICE] [nfoReplicator-0] com.netflix.discovery.DiscoveryClient    : DiscoveryClient_JOB-SERVICE/localhost:JOB-SERVICE:8083: registering service...
2026-07-28T14:47:18.920+05:30  INFO 18052 --- [JOB-SERVICE] [nfoReplicator-0] com.netflix.discovery.DiscoveryClient    : DiscoveryClient_JOB-SERVICE/localhost:JOB-SERVICE:8083 - registration status: 204
2026-07-28T14:47:19.047+05:30  INFO 18052 --- [JOB-SERVICE] [           main] o.s.b.w.embedded.tomcat.TomcatWebServer  : Tomcat started on port 8083 (http) with context path ''
2026-07-28T14:47:19.050+05:30  INFO 18052 --- [JOB-SERVICE] [           main] .s.c.n.e.s.EurekaAutoServiceRegistration : Updating port to 8083
2026-07-28T14:47:20.114+05:30  INFO 18052 --- [JOB-SERVICE] [           main] o.s.cloud.commons.util.InetUtils         : Cannot determine local hostname
2026-07-28T14:47:20.142+05:30  INFO 18052 --- [JOB-SERVICE] [           main] com.alumniconnect.job.JobApplication     : Started JobApplication in 25.656 seconds (process running for 27.4)
2026-07-28T14:52:16.706+05:30  INFO 18052 --- [JOB-SERVICE] [trap-executor-0] c.n.d.s.r.aws.ConfigClusterResolver      : Resolving eureka endpoints via configuration
2026-07-28T14:57:16.720+05:30  INFO 18052 --- [JOB-SERVICE] [trap-executor-0] c.n.d.s.r.aws.ConfigClusterResolver      : Resolving eureka endpoints via configuration
2026-07-28T15:02:16.732+05:30  INFO 18052 --- [JOB-SERVICE] [trap-executor-0] c.n.d.s.r.aws.ConfigClusterResolver      : Resolving eureka endpoints via configuration
2026-07-28T15:07:16.746+05:30  INFO 18052 --- [JOB-SERVICE] [trap-executor-0] c.n.d.s.r.aws.ConfigClusterResolver      : Resolving eureka endpoints via configuration
2026-07-28T15:12:16.760+05:30  INFO 18052 --- [JOB-SERVICE] [trap-executor-0] c.n.d.s.r.aws.ConfigClusterResolver      : Resolving eureka endpoints via configuration
2026-07-28T15:17:16.762+05:30  INFO 18052 --- [JOB-SERVICE] [trap-executor-0] c.n.d.s.r.aws.ConfigClusterResolver      : Resolving eureka endpoints via configuration
2026-07-28T15:22:16.774+05:30  INFO 18052 --- [JOB-SERVICE] [trap-executor-0] c.n.d.s.r.aws.ConfigClusterResolver      : Resolving eureka endpoints via configuration
2026-07-28T15:23:14.084+05:30  INFO 18052 --- [JOB-SERVICE] [nio-8083-exec-4] o.a.c.c.C.[Tomcat].[localhost].[/]       : Initializing Spring DispatcherServlet 'dispatcherServlet'
2026-07-28T15:23:14.085+05:30  INFO 18052 --- [JOB-SERVICE] [nio-8083-exec-4] o.s.web.servlet.DispatcherServlet        : Initializing Servlet 'dispatcherServlet'
2026-07-28T15:23:14.098+05:30  INFO 18052 --- [JOB-SERVICE] [nio-8083-exec-4] o.s.web.servlet.DispatcherServlet        : Completed initialization in 13 ms
Hibernate: 
    select
        j1_0.id,
        j1_0.company,
        j1_0.description,
        j1_0.job_type,
        j1_0.location,
        j1_0.posted_by_email,
        j1_0.posted_date,
        j1_0.salary,
        j1_0.title,
        j1_0.user_role 
    from
        jobs j1_0
Hibernate: 
    select
        j1_0.id,
        j1_0.company,
        j1_0.description,
        j1_0.job_type,
        j1_0.location,
        j1_0.posted_by_email,
        j1_0.posted_date,
        j1_0.salary,
        j1_0.title,
        j1_0.user_role 
    from
        jobs j1_0
Hibernate: 
    select
        j1_0.id,
        j1_0.company,
        j1_0.description,
        j1_0.job_type,
        j1_0.location,
        j1_0.posted_by_email,
        j1_0.posted_date,
        j1_0.salary,
        j1_0.title,
        j1_0.user_role 
    from
        jobs j1_0
Hibernate: 
    select
        j1_0.id,
        j1_0.company,
        j1_0.description,
        j1_0.job_type,
        j1_0.location,
        j1_0.posted_by_email,
        j1_0.posted_date,
        j1_0.salary,
        j1_0.title,
        j1_0.user_role 
    from
        jobs j1_0
Hibernate: 
    select
        j1_0.id,
        j1_0.company,
        j1_0.description,
        j1_0.job_type,
        j1_0.location,
        j1_0.posted_by_email,
        j1_0.posted_date,
        j1_0.salary,
        j1_0.title,
        j1_0.user_role 
    from
        jobs j1_0
Hibernate: 
    select
        j1_0.id,
        j1_0.company,
        j1_0.description,
        j1_0.job_type,
        j1_0.location,
        j1_0.posted_by_email,
        j1_0.posted_date,
        j1_0.salary,
        j1_0.title,
        j1_0.user_role 
    from
        jobs j1_0
Hibernate: 
    select
        j1_0.id,
        j1_0.company,
        j1_0.description,
        j1_0.job_type,
        j1_0.location,
        j1_0.posted_by_email,
        j1_0.posted_date,
        j1_0.salary,
        j1_0.title,
        j1_0.user_role 
    from
        jobs j1_0
Hibernate: 
    select
        j1_0.id,
        j1_0.company,
        j1_0.description,
        j1_0.job_type,
        j1_0.location,
        j1_0.posted_by_email,
        j1_0.posted_date,
        j1_0.salary,
        j1_0.title,
        j1_0.user_role 
    from
        jobs j1_0
Hibernate: 
    select
        j1_0.id,
        j1_0.company,
        j1_0.description,
        j1_0.job_type,
        j1_0.location,
        j1_0.posted_by_email,
        j1_0.posted_date,
        j1_0.salary,
        j1_0.title,
        j1_0.user_role 
    from
        jobs j1_0
Hibernate: 
    select
        j1_0.id,
        j1_0.company,
        j1_0.description,
        j1_0.job_type,
        j1_0.location,
        j1_0.posted_by_email,
        j1_0.posted_date,
        j1_0.salary,
        j1_0.title,
        j1_0.user_role 
    from
        jobs j1_0
Hibernate: 
    select
        j1_0.id,
        j1_0.company,
        j1_0.description,
        j1_0.job_type,
        j1_0.location,
        j1_0.posted_by_email,
        j1_0.posted_date,
        j1_0.salary,
        j1_0.title,
        j1_0.user_role 
    from
        jobs j1_0
Hibernate: 
    select
        j1_0.id,
        j1_0.company,
        j1_0.description,
        j1_0.job_type,
        j1_0.location,
        j1_0.posted_by_email,
        j1_0.posted_date,
        j1_0.salary,
        j1_0.title,
        j1_0.user_role 
    from
        jobs j1_0
Hibernate: 
    select
        j1_0.id,
        j1_0.company,
        j1_0.description,
        j1_0.job_type,
        j1_0.location,
        j1_0.posted_by_email,
        j1_0.posted_date,
        j1_0.salary,
        j1_0.title,
        j1_0.user_role 
    from
        jobs j1_0
Hibernate: 
    select
        j1_0.id,
        j1_0.company,
        j1_0.description,
        j1_0.job_type,
        j1_0.location,
        j1_0.posted_by_email,
        j1_0.posted_date,
        j1_0.salary,
        j1_0.title,
        j1_0.user_role 
    from
        jobs j1_0
Hibernate: 
    select
        j1_0.id,
        j1_0.company,
        j1_0.description,
        j1_0.job_type,
        j1_0.location,
        j1_0.posted_by_email,
        j1_0.posted_date,
        j1_0.salary,
        j1_0.title,
        j1_0.user_role 
    from
        jobs j1_0
Hibernate: 
    select
        j1_0.id,
        j1_0.company,
        j1_0.description,
        j1_0.job_type,
        j1_0.location,
        j1_0.posted_by_email,
        j1_0.posted_date,
        j1_0.salary,
        j1_0.title,
        j1_0.user_role 
    from
        jobs j1_0
Hibernate: 
    select
        j1_0.id,
        j1_0.company,
        j1_0.description,
        j1_0.job_type,
        j1_0.location,
        j1_0.posted_by_email,
        j1_0.posted_date,
        j1_0.salary,
        j1_0.title,
        j1_0.user_role 
    from
        jobs j1_0
Hibernate: 
    select
        j1_0.id,
        j1_0.company,
        j1_0.description,
        j1_0.job_type,
        j1_0.location,
        j1_0.posted_by_email,
        j1_0.posted_date,
        j1_0.salary,
        j1_0.title,
        j1_0.user_role 
    from
        jobs j1_0
Hibernate: 
    select
        j1_0.id,
        j1_0.company,
        j1_0.description,
        j1_0.job_type,
        j1_0.location,
        j1_0.posted_by_email,
        j1_0.posted_date,
        j1_0.salary,
        j1_0.title,
        j1_0.user_role 
    from
        jobs j1_0
Hibernate: 
    select
        j1_0.id,
        j1_0.company,
        j1_0.description,
        j1_0.job_type,
        j1_0.location,
        j1_0.posted_by_email,
        j1_0.posted_date,
        j1_0.salary,
        j1_0.title,
        j1_0.user_role 
    from
        jobs j1_0
Hibernate: 
    select
        j1_0.id,
        j1_0.company,
        j1_0.description,
        j1_0.job_type,
        j1_0.location,
        j1_0.posted_by_email,
        j1_0.posted_date,
        j1_0.salary,
        j1_0.title,
        j1_0.user_role 
    from
        jobs j1_0
Hibernate: 
    select
        j1_0.id,
        j1_0.company,
        j1_0.description,
        j1_0.job_type,
        j1_0.location,
        j1_0.posted_by_email,
        j1_0.posted_date,
        j1_0.salary,
        j1_0.title,
        j1_0.user_role 
    from
        jobs j1_0
Hibernate: 
    select
        j1_0.id,
        j1_0.company,
        j1_0.description,
        j1_0.job_type,
        j1_0.location,
        j1_0.posted_by_email,
        j1_0.posted_date,
        j1_0.salary,
        j1_0.title,
        j1_0.user_role 
    from
        jobs j1_0
Hibernate: 
    select
        j1_0.id,
        j1_0.company,
        j1_0.description,
        j1_0.job_type,
        j1_0.location,
        j1_0.posted_by_email,
        j1_0.posted_date,
        j1_0.salary,
        j1_0.title,
        j1_0.user_role 
    from
        jobs j1_0
Hibernate: 
    select
        j1_0.id,
        j1_0.company,
        j1_0.description,
        j1_0.job_type,
        j1_0.location,
        j1_0.posted_by_email,
        j1_0.posted_date,
        j1_0.salary,
        j1_0.title,
        j1_0.user_role 
    from
        jobs j1_0
Hibernate: 
    select
        j1_0.id,
        j1_0.company,
        j1_0.description,
        j1_0.job_type,
        j1_0.location,
        j1_0.posted_by_email,
        j1_0.posted_date,
        j1_0.salary,
        j1_0.title,
        j1_0.user_role 
    from
        jobs j1_0
Hibernate: 
    select
        j1_0.id,
        j1_0.company,
        j1_0.description,
        j1_0.job_type,
        j1_0.location,
        j1_0.posted_by_email,
        j1_0.posted_date,
        j1_0.salary,
        j1_0.title,
        j1_0.user_role 
    from
        jobs j1_0
Hibernate: 
    select
        j1_0.id,
        j1_0.company,
        j1_0.description,
        j1_0.job_type,
        j1_0.location,
        j1_0.posted_by_email,
        j1_0.posted_date,
        j1_0.salary,
        j1_0.title,
        j1_0.user_role 
    from
        jobs j1_0
Hibernate: 
    select
        j1_0.id,
        j1_0.company,
        j1_0.description,
        j1_0.job_type,
        j1_0.location,
        j1_0.posted_by_email,
        j1_0.posted_date,
        j1_0.salary,
        j1_0.title,
        j1_0.user_role 
    from
        jobs j1_0
Hibernate: 
    select
        j1_0.id,
        j1_0.company,
        j1_0.description,
        j1_0.job_type,
        j1_0.location,
        j1_0.posted_by_email,
        j1_0.posted_date,
        j1_0.salary,
        j1_0.title,
        j1_0.user_role 
    from
        jobs j1_0
Hibernate: 
    select
        j1_0.id,
        j1_0.company,
        j1_0.description,
        j1_0.job_type,
        j1_0.location,
        j1_0.posted_by_email,
        j1_0.posted_date,
        j1_0.salary,
        j1_0.title,
        j1_0.user_role 
    from
        jobs j1_0
Hibernate: 
    select
        j1_0.id,
        j1_0.company,
        j1_0.description,
        j1_0.job_type,
        j1_0.location,
        j1_0.posted_by_email,
        j1_0.posted_date,
        j1_0.salary,
        j1_0.title,
        j1_0.user_role 
    from
        jobs j1_0
Hibernate: 
    select
        j1_0.id,
        j1_0.company,
        j1_0.description,
        j1_0.job_type,
        j1_0.location,
        j1_0.posted_by_email,
        j1_0.posted_date,
        j1_0.salary,
        j1_0.title,
        j1_0.user_role 
    from
        jobs j1_0
Hibernate: 
    select
        j1_0.id,
        j1_0.company,
        j1_0.description,
        j1_0.job_type,
        j1_0.location,
        j1_0.posted_by_email,
        j1_0.posted_date,
        j1_0.salary,
        j1_0.title,
        j1_0.user_role 
    from
        jobs j1_0
Hibernate: 
    select
        j1_0.id,
        j1_0.company,
        j1_0.description,
        j1_0.job_type,
        j1_0.location,
        j1_0.posted_by_email,
        j1_0.posted_date,
        j1_0.salary,
        j1_0.title,
        j1_0.user_role 
    from
        jobs j1_0
Hibernate: 
    select
        j1_0.id,
        j1_0.company,
        j1_0.description,
        j1_0.job_type,
        j1_0.location,
        j1_0.posted_by_email,
        j1_0.posted_date,
        j1_0.salary,
        j1_0.title,
        j1_0.user_role 
    from
        jobs j1_0
Hibernate: 
    select
        j1_0.id,
        j1_0.company,
        j1_0.description,
        j1_0.job_type,
        j1_0.location,
        j1_0.posted_by_email,
        j1_0.posted_date,
        j1_0.salary,
        j1_0.title,
        j1_0.user_role 
    from
        jobs j1_0
Hibernate: 
    select
        j1_0.id,
        j1_0.company,
        j1_0.description,
        j1_0.job_type,
        j1_0.location,
        j1_0.posted_by_email,
        j1_0.posted_date,
        j1_0.salary,
        j1_0.title,
        j1_0.user_role 
    from
        jobs j1_0
2026-07-28T15:27:16.792+05:30  INFO 18052 --- [JOB-SERVICE] [trap-executor-0] c.n.d.s.r.aws.ConfigClusterResolver      : Resolving eureka endpoints via configuration
Hibernate: 
    select
        j1_0.id,
        j1_0.company,
        j1_0.description,
        j1_0.job_type,
        j1_0.location,
        j1_0.posted_by_email,
        j1_0.posted_date,
        j1_0.salary,
        j1_0.title,
        j1_0.user_role 
    from
        jobs j1_0
Hibernate: 
    select
        j1_0.id,
        j1_0.company,
        j1_0.description,
        j1_0.job_type,
        j1_0.location,
        j1_0.posted_by_email,
        j1_0.posted_date,
        j1_0.salary,
        j1_0.title,
        j1_0.user_role 
    from
        jobs j1_0
Hibernate: 
    select
        j1_0.id,
        j1_0.company,
        j1_0.description,
        j1_0.job_type,
        j1_0.location,
        j1_0.posted_by_email,
        j1_0.posted_date,
        j1_0.salary,
        j1_0.title,
        j1_0.user_role 
    from
        jobs j1_0
Hibernate: 
    select
        j1_0.id,
        j1_0.company,
        j1_0.description,
        j1_0.job_type,
        j1_0.location,
        j1_0.posted_by_email,
        j1_0.posted_date,
        j1_0.salary,
        j1_0.title,
        j1_0.user_role 
    from
        jobs j1_0
Hibernate: 
    select
        j1_0.id,
        j1_0.company,
        j1_0.description,
        j1_0.job_type,
        j1_0.location,
        j1_0.posted_by_email,
        j1_0.posted_date,
        j1_0.salary,
        j1_0.title,
        j1_0.user_role 
    from
        jobs j1_0
Hibernate: 
    select
        j1_0.id,
        j1_0.company,
        j1_0.description,
        j1_0.job_type,
        j1_0.location,
        j1_0.posted_by_email,
        j1_0.posted_date,
        j1_0.salary,
        j1_0.title,
        j1_0.user_role 
    from
        jobs j1_0
Hibernate: 
    select
        j1_0.id,
        j1_0.company,
        j1_0.description,
        j1_0.job_type,
        j1_0.location,
        j1_0.posted_by_email,
        j1_0.posted_date,
        j1_0.salary,
        j1_0.title,
        j1_0.user_role 
    from
        jobs j1_0
Hibernate: 
    select
        j1_0.id,
        j1_0.company,
        j1_0.description,
        j1_0.job_type,
        j1_0.location,
        j1_0.posted_by_email,
        j1_0.posted_date,
        j1_0.salary,
        j1_0.title,
        j1_0.user_role 
    from
        jobs j1_0
Hibernate: 
    select
        j1_0.id,
        j1_0.company,
        j1_0.description,
        j1_0.job_type,
        j1_0.location,
        j1_0.posted_by_email,
        j1_0.posted_date,
        j1_0.salary,
        j1_0.title,
        j1_0.user_role 
    from
        jobs j1_0
Hibernate: 
    select
        j1_0.id,
        j1_0.company,
        j1_0.description,
        j1_0.job_type,
        j1_0.location,
        j1_0.posted_by_email,
        j1_0.posted_date,
        j1_0.salary,
        j1_0.title,
        j1_0.user_role 
    from
        jobs j1_0
Hibernate: 
    select
        j1_0.id,
        j1_0.company,
        j1_0.description,
        j1_0.job_type,
        j1_0.location,
        j1_0.posted_by_email,
        j1_0.posted_date,
        j1_0.salary,
        j1_0.title,
        j1_0.user_role 
    from
        jobs j1_0
Hibernate: 
    select
        j1_0.id,
        j1_0.company,
        j1_0.description,
        j1_0.job_type,
        j1_0.location,
        j1_0.posted_by_email,
        j1_0.posted_date,
        j1_0.salary,
        j1_0.title,
        j1_0.user_role 
    from
        jobs j1_0
Hibernate: 
    select
        j1_0.id,
        j1_0.company,
        j1_0.description,
        j1_0.job_type,
        j1_0.location,
        j1_0.posted_by_email,
        j1_0.posted_date,
        j1_0.salary,
        j1_0.title,
        j1_0.user_role 
    from
        jobs j1_0
Hibernate: 
    select
        j1_0.id,
        j1_0.company,
        j1_0.description,
        j1_0.job_type,
        j1_0.location,
        j1_0.posted_by_email,
        j1_0.posted_date,
        j1_0.salary,
        j1_0.title,
        j1_0.user_role 
    from
        jobs j1_0
Hibernate: 
    select
        j1_0.id,
        j1_0.company,
        j1_0.description,
        j1_0.job_type,
        j1_0.location,
        j1_0.posted_by_email,
        j1_0.posted_date,
        j1_0.salary,
        j1_0.title,
        j1_0.user_role 
    from
        jobs j1_0
Hibernate: 
    select
        j1_0.id,
        j1_0.company,
        j1_0.description,
        j1_0.job_type,
        j1_0.location,
        j1_0.posted_by_email,
        j1_0.posted_date,
        j1_0.salary,
        j1_0.title,
        j1_0.user_role 
    from
        jobs j1_0
Hibernate: 
    select
        j1_0.id,
        j1_0.company,
        j1_0.description,
        j1_0.job_type,
        j1_0.location,
        j1_0.posted_by_email,
        j1_0.posted_date,
        j1_0.salary,
        j1_0.title,
        j1_0.user_role 
    from
        jobs j1_0
Hibernate: 
    select
        j1_0.id,
        j1_0.company,
        j1_0.description,
        j1_0.job_type,
        j1_0.location,
        j1_0.posted_by_email,
        j1_0.posted_date,
        j1_0.salary,
        j1_0.title,
        j1_0.user_role 
    from
        jobs j1_0
Hibernate: 
    select
        j1_0.id,
        j1_0.company,
        j1_0.description,
        j1_0.job_type,
        j1_0.location,
        j1_0.posted_by_email,
        j1_0.posted_date,
        j1_0.salary,
        j1_0.title,
        j1_0.user_role 
    from
        jobs j1_0
Hibernate: 
    select
        j1_0.id,
        j1_0.company,
        j1_0.description,
        j1_0.job_type,
        j1_0.location,
        j1_0.posted_by_email,
        j1_0.posted_date,
        j1_0.salary,
        j1_0.title,
        j1_0.user_role 
    from
        jobs j1_0
Hibernate: 
    select
        j1_0.id,
        j1_0.company,
        j1_0.description,
        j1_0.job_type,
        j1_0.location,
        j1_0.posted_by_email,
        j1_0.posted_date,
        j1_0.salary,
        j1_0.title,
        j1_0.user_role 
    from
        jobs j1_0
Hibernate: 
    select
        j1_0.id,
        j1_0.company,
        j1_0.description,
        j1_0.job_type,
        j1_0.location,
        j1_0.posted_by_email,
        j1_0.posted_date,
        j1_0.salary,
        j1_0.title,
        j1_0.user_role 
    from
        jobs j1_0
Hibernate: 
    select
        j1_0.id,
        j1_0.company,
        j1_0.description,
        j1_0.job_type,
        j1_0.location,
        j1_0.posted_by_email,
        j1_0.posted_date,
        j1_0.salary,
        j1_0.title,
        j1_0.user_role 
    from
        jobs j1_0
Hibernate: 
    select
        j1_0.id,
        j1_0.company,
        j1_0.description,
        j1_0.job_type,
        j1_0.location,
        j1_0.posted_by_email,
        j1_0.posted_date,
        j1_0.salary,
        j1_0.title,
        j1_0.user_role 
    from
        jobs j1_0
Hibernate: 
    select
        j1_0.id,
        j1_0.company,
        j1_0.description,
        j1_0.job_type,
        j1_0.location,
        j1_0.posted_by_email,
        j1_0.posted_date,
        j1_0.salary,
        j1_0.title,
        j1_0.user_role 
    from
        jobs j1_0
Hibernate: 
    select
        j1_0.id,
        j1_0.company,
        j1_0.description,
        j1_0.job_type,
        j1_0.location,
        j1_0.posted_by_email,
        j1_0.posted_date,
        j1_0.salary,
        j1_0.title,
        j1_0.user_role 
    from
        jobs j1_0
Hibernate: 
    select
        j1_0.id,
        j1_0.company,
        j1_0.description,
        j1_0.job_type,
        j1_0.location,
        j1_0.posted_by_email,
        j1_0.posted_date,
        j1_0.salary,
        j1_0.title,
        j1_0.user_role 
    from
        jobs j1_0
Hibernate: 
    select
        j1_0.id,
        j1_0.company,
        j1_0.description,
        j1_0.job_type,
        j1_0.location,
        j1_0.posted_by_email,
        j1_0.posted_date,
        j1_0.salary,
        j1_0.title,
        j1_0.user_role 
    from
        jobs j1_0
Hibernate: 
    select
        j1_0.id,
        j1_0.company,
        j1_0.description,
        j1_0.job_type,
        j1_0.location,
        j1_0.posted_by_email,
        j1_0.posted_date,
        j1_0.salary,
        j1_0.title,
        j1_0.user_role 
    from
        jobs j1_0
Hibernate: 
    select
        j1_0.id,
        j1_0.company,
        j1_0.description,
        j1_0.job_type,
        j1_0.location,
        j1_0.posted_by_email,
        j1_0.posted_date,
        j1_0.salary,
        j1_0.title,
        j1_0.user_role 
    from
        jobs j1_0
Hibernate: 
    select
        j1_0.id,
        j1_0.company,
        j1_0.description,
        j1_0.job_type,
        j1_0.location,
        j1_0.posted_by_email,
        j1_0.posted_date,
        j1_0.salary,
        j1_0.title,
        j1_0.user_role 
    from
        jobs j1_0
Hibernate: 
    select
        j1_0.id,
        j1_0.company,
        j1_0.description,
        j1_0.job_type,
        j1_0.location,
        j1_0.posted_by_email,
        j1_0.posted_date,
        j1_0.salary,
        j1_0.title,
        j1_0.user_role 
    from
        jobs j1_0
Hibernate: 
    select
        j1_0.id,
        j1_0.company,
        j1_0.description,
        j1_0.job_type,
        j1_0.location,
        j1_0.posted_by_email,
        j1_0.posted_date,
        j1_0.salary,
        j1_0.title,
        j1_0.user_role 
    from
        jobs j1_0
Hibernate: 
    select
        j1_0.id,
        j1_0.company,
        j1_0.description,
        j1_0.job_type,
        j1_0.location,
        j1_0.posted_by_email,
        j1_0.posted_date,
        j1_0.salary,
        j1_0.title,
        j1_0.user_role 
    from
        jobs j1_0
Hibernate: 
    select
        j1_0.id,
        j1_0.company,
        j1_0.description,
        j1_0.job_type,
        j1_0.location,
        j1_0.posted_by_email,
        j1_0.posted_date,
        j1_0.salary,
        j1_0.title,
        j1_0.user_role 
    from
        jobs j1_0
Hibernate: 
    select
        j1_0.id,
        j1_0.company,
        j1_0.description,
        j1_0.job_type,
        j1_0.location,
        j1_0.posted_by_email,
        j1_0.posted_date,
        j1_0.salary,
        j1_0.title,
        j1_0.user_role 
    from
        jobs j1_0
Hibernate: 
    select
        j1_0.id,
        j1_0.company,
        j1_0.description,
        j1_0.job_type,
        j1_0.location,
        j1_0.posted_by_email,
        j1_0.posted_date,
        j1_0.salary,
        j1_0.title,
        j1_0.user_role 
    from
        jobs j1_0
Hibernate: 
    select
        j1_0.id,
        j1_0.company,
        j1_0.description,
        j1_0.job_type,
        j1_0.location,
        j1_0.posted_by_email,
        j1_0.posted_date,
        j1_0.salary,
        j1_0.title,
        j1_0.user_role 
    from
        jobs j1_0
Hibernate: 
    select
        j1_0.id,
        j1_0.company,
        j1_0.description,
        j1_0.job_type,
        j1_0.location,
        j1_0.posted_by_email,
        j1_0.posted_date,
        j1_0.salary,
        j1_0.title,
        j1_0.user_role 
    from
        jobs j1_0
Hibernate: 
    select
        j1_0.id,
        j1_0.company,
        j1_0.description,
        j1_0.job_type,
        j1_0.location,
        j1_0.posted_by_email,
        j1_0.posted_date,
        j1_0.salary,
        j1_0.title,
        j1_0.user_role 
    from
        jobs j1_0
Hibernate: 
    select
        j1_0.id,
        j1_0.company,
        j1_0.description,
        j1_0.job_type,
        j1_0.location,
        j1_0.posted_by_email,
        j1_0.posted_date,
        j1_0.salary,
        j1_0.title,
        j1_0.user_role 
    from
        jobs j1_0
Hibernate: 
    select
        j1_0.id,
        j1_0.company,
        j1_0.description,
        j1_0.job_type,
        j1_0.location,
        j1_0.posted_by_email,
        j1_0.posted_date,
        j1_0.salary,
        j1_0.title,
        j1_0.user_role 
    from
        jobs j1_0
Hibernate: 
    select
        j1_0.id,
        j1_0.company,
        j1_0.description,
        j1_0.job_type,
        j1_0.location,
        j1_0.posted_by_email,
        j1_0.posted_date,
        j1_0.salary,
        j1_0.title,
        j1_0.user_role 
    from
        jobs j1_0
Hibernate: 
    select
        j1_0.id,
        j1_0.company,
        j1_0.description,
        j1_0.job_type,
        j1_0.location,
        j1_0.posted_by_email,
        j1_0.posted_date,
        j1_0.salary,
        j1_0.title,
        j1_0.user_role 
    from
        jobs j1_0
Hibernate: 
    select
        j1_0.id,
        j1_0.company,
        j1_0.description,
        j1_0.job_type,
        j1_0.location,
        j1_0.posted_by_email,
        j1_0.posted_date,
        j1_0.salary,
        j1_0.title,
        j1_0.user_role 
    from
        jobs j1_0
Hibernate: 
    select
        j1_0.id,
        j1_0.company,
        j1_0.description,
        j1_0.job_type,
        j1_0.location,
        j1_0.posted_by_email,
        j1_0.posted_date,
        j1_0.salary,
        j1_0.title,
        j1_0.user_role 
    from
        jobs j1_0
Hibernate: 
    select
        j1_0.id,
        j1_0.company,
        j1_0.description,
        j1_0.job_type,
        j1_0.location,
        j1_0.posted_by_email,
        j1_0.posted_date,
        j1_0.salary,
        j1_0.title,
        j1_0.user_role 
    from
        jobs j1_0
Hibernate: 
    select
        j1_0.id,
        j1_0.company,
        j1_0.description,
        j1_0.job_type,
        j1_0.location,
        j1_0.posted_by_email,
        j1_0.posted_date,
        j1_0.salary,
        j1_0.title,
        j1_0.user_role 
    from
        jobs j1_0
Hibernate: 
    select
        j1_0.id,
        j1_0.company,
        j1_0.description,
        j1_0.job_type,
        j1_0.location,
        j1_0.posted_by_email,
        j1_0.posted_date,
        j1_0.salary,
        j1_0.title,
        j1_0.user_role 
    from
        jobs j1_0
Hibernate: 
    select
        j1_0.id,
        j1_0.company,
        j1_0.description,
        j1_0.job_type,
        j1_0.location,
        j1_0.posted_by_email,
        j1_0.posted_date,
        j1_0.salary,
        j1_0.title,
        j1_0.user_role 
    from
        jobs j1_0
Hibernate: 
    select
        j1_0.id,
        j1_0.company,
        j1_0.description,
        j1_0.job_type,
        j1_0.location,
        j1_0.posted_by_email,
        j1_0.posted_date,
        j1_0.salary,
        j1_0.title,
        j1_0.user_role 
    from
        jobs j1_0
Hibernate: 
    select
        j1_0.id,
        j1_0.company,
        j1_0.description,
        j1_0.job_type,
        j1_0.location,
        j1_0.posted_by_email,
        j1_0.posted_date,
        j1_0.salary,
        j1_0.title,
        j1_0.user_role 
    from
        jobs j1_0
Hibernate: 
    select
        j1_0.id,
        j1_0.company,
        j1_0.description,
        j1_0.job_type,
        j1_0.location,
        j1_0.posted_by_email,
        j1_0.posted_date,
        j1_0.salary,
        j1_0.title,
        j1_0.user_role 
    from
        jobs j1_0
Hibernate: 
    select
        j1_0.id,
        j1_0.company,
        j1_0.description,
        j1_0.job_type,
        j1_0.location,
        j1_0.posted_by_email,
        j1_0.posted_date,
        j1_0.salary,
        j1_0.title,
        j1_0.user_role 
    from
        jobs j1_0
Hibernate: 
    select
        j1_0.id,
        j1_0.company,
        j1_0.description,
        j1_0.job_type,
        j1_0.location,
        j1_0.posted_by_email,
        j1_0.posted_date,
        j1_0.salary,
        j1_0.title,
        j1_0.user_role 
    from
        jobs j1_0
Hibernate: 
    select
        j1_0.id,
        j1_0.company,
        j1_0.description,
        j1_0.job_type,
        j1_0.location,
        j1_0.posted_by_email,
        j1_0.posted_date,
        j1_0.salary,
        j1_0.title,
        j1_0.user_role 
    from
        jobs j1_0
Hibernate: 
    select
        j1_0.id,
        j1_0.company,
        j1_0.description,
        j1_0.job_type,
        j1_0.location,
        j1_0.posted_by_email,
        j1_0.posted_date,
        j1_0.salary,
        j1_0.title,
        j1_0.user_role 
    from
        jobs j1_0
Hibernate: 
    select
        j1_0.id,
        j1_0.company,
        j1_0.description,
        j1_0.job_type,
        j1_0.location,
        j1_0.posted_by_email,
        j1_0.posted_date,
        j1_0.salary,
        j1_0.title,
        j1_0.user_role 
    from
        jobs j1_0
Hibernate: 
    select
        j1_0.id,
        j1_0.company,
        j1_0.description,
        j1_0.job_type,
        j1_0.location,
        j1_0.posted_by_email,
        j1_0.posted_date,
        j1_0.salary,
        j1_0.title,
        j1_0.user_role 
    from
        jobs j1_0
Hibernate: 
    select
        j1_0.id,
        j1_0.company,
        j1_0.description,
        j1_0.job_type,
        j1_0.location,
        j1_0.posted_by_email,
        j1_0.posted_date,
        j1_0.salary,
        j1_0.title,
        j1_0.user_role 
    from
        jobs j1_0
Hibernate: 
    select
        j1_0.id,
        j1_0.company,
        j1_0.description,
        j1_0.job_type,
        j1_0.location,
        j1_0.posted_by_email,
        j1_0.posted_date,
        j1_0.salary,
        j1_0.title,
        j1_0.user_role 
    from
        jobs j1_0
Hibernate: 
    select
        j1_0.id,
        j1_0.company,
        j1_0.description,
        j1_0.job_type,
        j1_0.location,
        j1_0.posted_by_email,
        j1_0.posted_date,
        j1_0.salary,
        j1_0.title,
        j1_0.user_role 
    from
        jobs j1_0
Hibernate: 
    select
        j1_0.id,
        j1_0.company,
        j1_0.description,
        j1_0.job_type,
        j1_0.location,
        j1_0.posted_by_email,
        j1_0.posted_date,
        j1_0.salary,
        j1_0.title,
        j1_0.user_role 
    from
        jobs j1_0
Hibernate: 
    select
        j1_0.id,
        j1_0.company,
        j1_0.description,
        j1_0.job_type,
        j1_0.location,
        j1_0.posted_by_email,
        j1_0.posted_date,
        j1_0.salary,
        j1_0.title,
        j1_0.user_role 
    from
        jobs j1_0
Hibernate: 
    select
        j1_0.id,
        j1_0.company,
        j1_0.description,
        j1_0.job_type,
        j1_0.location,
        j1_0.posted_by_email,
        j1_0.posted_date,
        j1_0.salary,
        j1_0.title,
        j1_0.user_role 
    from
        jobs j1_0
Hibernate: 
    select
        j1_0.id,
        j1_0.company,
        j1_0.description,
        j1_0.job_type,
        j1_0.location,
        j1_0.posted_by_email,
        j1_0.posted_date,
        j1_0.salary,
        j1_0.title,
        j1_0.user_role 
    from
        jobs j1_0
Hibernate: 
    select
        j1_0.id,
        j1_0.company,
        j1_0.description,
        j1_0.job_type,
        j1_0.location,
        j1_0.posted_by_email,
        j1_0.posted_date,
        j1_0.salary,
        j1_0.title,
        j1_0.user_role 
    from
        jobs j1_0
2026-07-28T15:32:16.794+05:30  INFO 18052 --- [JOB-SERVICE] [trap-executor-0] c.n.d.s.r.aws.ConfigClusterResolver      : Resolving eureka endpoints via configuration
