
  .   ____          _            __ _ _
 /\\ / ___'_ __ _ _(_)_ __  __ _ \ \ \ \
( ( )\___ | '_ | '_| | '_ \/ _` | \ \ \ \
 \\/  ___)| |_)| | | | | || (_| |  ) ) ) )
  '  |____| .__|_| |_|_| |_\__, | / / / /
 =========|_|==============|___/=/_/_/_/
 :: Spring Boot ::                (v3.2.5)

2026-07-27T19:59:37.610+05:30  INFO 17916 --- [MESSAGE-SERVICE] [           main] c.a.messageservice.MessageApplication    : Starting MessageApplication v1.0.0 using Java 24.0.1 with PID 17916 (E:\alumni-management-system\MessageMS\target\message-ms-1.0.0.jar started by ROHIT SINGH in E:\alumni-management-system)
2026-07-27T19:59:37.663+05:30  INFO 17916 --- [MESSAGE-SERVICE] [           main] c.a.messageservice.MessageApplication    : No active profile set, falling back to 1 default profile: "default"
2026-07-27T19:59:42.098+05:30  INFO 17916 --- [MESSAGE-SERVICE] [           main] .s.d.r.c.RepositoryConfigurationDelegate : Bootstrapping Spring Data JPA repositories in DEFAULT mode.
2026-07-27T19:59:42.507+05:30  INFO 17916 --- [MESSAGE-SERVICE] [           main] .s.d.r.c.RepositoryConfigurationDelegate : Finished Spring Data repository scanning in 387 ms. Found 1 JPA repository interface.
2026-07-27T19:59:43.283+05:30  INFO 17916 --- [MESSAGE-SERVICE] [           main] o.s.cloud.context.scope.GenericScope     : BeanFactory id=3d645fe1-a7b6-3309-b55c-7e81815b3baf
2026-07-27T19:59:43.989+05:30  WARN 17916 --- [MESSAGE-SERVICE] [           main] trationDelegate$BeanPostProcessorChecker : Bean 'org.springframework.cloud.client.loadbalancer.LoadBalancerAutoConfiguration$DeferringLoadBalancerInterceptorConfig' of type [org.springframework.cloud.client.loadbalancer.LoadBalancerAutoConfiguration$DeferringLoadBalancerInterceptorConfig] is not eligible for getting processed by all BeanPostProcessors (for example: not eligible for auto-proxying). The currently created BeanPostProcessor [lbRestClientPostProcessor] is declared through a non-static factory method on that class; consider declaring it as static instead.
2026-07-27T19:59:44.002+05:30  WARN 17916 --- [MESSAGE-SERVICE] [           main] trationDelegate$BeanPostProcessorChecker : Bean 'deferringLoadBalancerInterceptor' of type [org.springframework.cloud.client.loadbalancer.DeferringLoadBalancerInterceptor] is not eligible for getting processed by all BeanPostProcessors (for example: not eligible for auto-proxying). Is this bean getting eagerly injected into a currently created BeanPostProcessor [lbRestClientPostProcessor]? Check the corresponding BeanPostProcessor declaration and its dependencies.
2026-07-27T19:59:45.201+05:30  INFO 17916 --- [MESSAGE-SERVICE] [           main] o.s.b.w.embedded.tomcat.TomcatWebServer  : Tomcat initialized with port 8086 (http)
2026-07-27T19:59:45.237+05:30  INFO 17916 --- [MESSAGE-SERVICE] [           main] o.apache.catalina.core.StandardService   : Starting service [Tomcat]
2026-07-27T19:59:45.239+05:30  INFO 17916 --- [MESSAGE-SERVICE] [           main] o.apache.catalina.core.StandardEngine    : Starting Servlet engine: [Apache Tomcat/10.1.20]
2026-07-27T19:59:45.337+05:30  INFO 17916 --- [MESSAGE-SERVICE] [           main] o.a.c.c.C.[Tomcat].[localhost].[/]       : Initializing Spring embedded WebApplicationContext
2026-07-27T19:59:45.339+05:30  INFO 17916 --- [MESSAGE-SERVICE] [           main] w.s.c.ServletWebServerApplicationContext : Root WebApplicationContext: initialization completed in 7092 ms
2026-07-27T19:59:45.839+05:30  INFO 17916 --- [MESSAGE-SERVICE] [           main] o.hibernate.jpa.internal.util.LogHelper  : HHH000204: Processing PersistenceUnitInfo [name: default]
2026-07-27T19:59:46.075+05:30  INFO 17916 --- [MESSAGE-SERVICE] [           main] org.hibernate.Version                    : HHH000412: Hibernate ORM core version 6.4.4.Final
2026-07-27T19:59:46.386+05:30  INFO 17916 --- [MESSAGE-SERVICE] [           main] o.h.c.internal.RegionFactoryInitiator    : HHH000026: Second-level cache disabled
2026-07-27T19:59:47.385+05:30  INFO 17916 --- [MESSAGE-SERVICE] [           main] o.s.o.j.p.SpringPersistenceUnitInfo      : No LoadTimeWeaver setup: ignoring JPA class transformer
2026-07-27T19:59:47.527+05:30  INFO 17916 --- [MESSAGE-SERVICE] [           main] com.zaxxer.hikari.HikariDataSource       : HikariPool-1 - Starting...
2026-07-27T19:59:48.142+05:30  INFO 17916 --- [MESSAGE-SERVICE] [           main] com.zaxxer.hikari.pool.HikariPool        : HikariPool-1 - Added connection com.mysql.cj.jdbc.ConnectionImpl@763b0996
2026-07-27T19:59:48.147+05:30  INFO 17916 --- [MESSAGE-SERVICE] [           main] com.zaxxer.hikari.HikariDataSource       : HikariPool-1 - Start completed.
2026-07-27T19:59:48.293+05:30  WARN 17916 --- [MESSAGE-SERVICE] [           main] org.hibernate.orm.deprecation            : HHH90000025: MySQLDialect does not need to be specified explicitly using 'hibernate.dialect' (remove the property setting and it will be selected by default)
2026-07-27T19:59:50.297+05:30  INFO 17916 --- [MESSAGE-SERVICE] [           main] o.h.e.t.j.p.i.JtaPlatformInitiator       : HHH000489: No JTA platform available (set 'hibernate.transaction.jta.platform' to enable JTA platform integration)
2026-07-27T19:59:50.432+05:30  INFO 17916 --- [MESSAGE-SERVICE] [           main] j.LocalContainerEntityManagerFactoryBean : Initialized JPA EntityManagerFactory for persistence unit 'default'
2026-07-27T19:59:51.012+05:30  INFO 17916 --- [MESSAGE-SERVICE] [           main] o.s.d.j.r.query.QueryEnhancerFactory     : Hibernate is in classpath; If applicable, HQL parser will be used.
2026-07-27T19:59:52.756+05:30  WARN 17916 --- [MESSAGE-SERVICE] [           main] JpaBaseConfiguration$JpaWebConfiguration : spring.jpa.open-in-view is enabled by default. Therefore, database queries may be performed during view rendering. Explicitly configure spring.jpa.open-in-view to disable this warning
2026-07-27T19:59:55.042+05:30  INFO 17916 --- [MESSAGE-SERVICE] [           main] o.s.cloud.commons.util.InetUtils         : Cannot determine local hostname
2026-07-27T19:59:56.101+05:30  INFO 17916 --- [MESSAGE-SERVICE] [           main] o.s.cloud.commons.util.InetUtils         : Cannot determine local hostname
2026-07-27T19:59:56.186+05:30  INFO 17916 --- [MESSAGE-SERVICE] [           main] DiscoveryClientOptionalArgsConfiguration : Eureka HTTP Client uses RestTemplate.
2026-07-27T19:59:56.298+05:30  WARN 17916 --- [MESSAGE-SERVICE] [           main] iguration$LoadBalancerCaffeineWarnLogger : Spring Cloud LoadBalancer is currently working with the default cache. While this cache implementation is useful for development and tests, it's recommended to use Caffeine cache in production.You can switch to using Caffeine cache, by adding it and org.springframework.cache.caffeine.CaffeineCacheManager to the classpath.
2026-07-27T19:59:56.365+05:30  INFO 17916 --- [MESSAGE-SERVICE] [           main] o.s.c.n.eureka.InstanceInfoFactory       : Setting initial instance status as: STARTING
2026-07-27T19:59:56.618+05:30  INFO 17916 --- [MESSAGE-SERVICE] [           main] com.netflix.discovery.DiscoveryClient    : Initializing Eureka in region us-east-1
2026-07-27T19:59:56.655+05:30  INFO 17916 --- [MESSAGE-SERVICE] [           main] c.n.d.s.r.aws.ConfigClusterResolver      : Resolving eureka endpoints via configuration
2026-07-27T19:59:56.713+05:30  INFO 17916 --- [MESSAGE-SERVICE] [           main] com.netflix.discovery.DiscoveryClient    : Disable delta property : false
2026-07-27T19:59:56.714+05:30  INFO 17916 --- [MESSAGE-SERVICE] [           main] com.netflix.discovery.DiscoveryClient    : Single vip registry refresh property : null
2026-07-27T19:59:56.714+05:30  INFO 17916 --- [MESSAGE-SERVICE] [           main] com.netflix.discovery.DiscoveryClient    : Force full registry fetch : false
2026-07-27T19:59:56.715+05:30  INFO 17916 --- [MESSAGE-SERVICE] [           main] com.netflix.discovery.DiscoveryClient    : Application is null : false
2026-07-27T19:59:56.715+05:30  INFO 17916 --- [MESSAGE-SERVICE] [           main] com.netflix.discovery.DiscoveryClient    : Registered Applications size is zero : true
2026-07-27T19:59:56.715+05:30  INFO 17916 --- [MESSAGE-SERVICE] [           main] com.netflix.discovery.DiscoveryClient    : Application version is -1: true
2026-07-27T19:59:56.716+05:30  INFO 17916 --- [MESSAGE-SERVICE] [           main] com.netflix.discovery.DiscoveryClient    : Getting all instance registry info from the eureka server
2026-07-27T19:59:57.519+05:30  INFO 17916 --- [MESSAGE-SERVICE] [           main] com.netflix.discovery.DiscoveryClient    : The response status is 200
2026-07-27T19:59:57.525+05:30  INFO 17916 --- [MESSAGE-SERVICE] [           main] com.netflix.discovery.DiscoveryClient    : Starting heartbeat executor: renew interval is: 30
2026-07-27T19:59:57.534+05:30  INFO 17916 --- [MESSAGE-SERVICE] [           main] c.n.discovery.InstanceInfoReplicator     : InstanceInfoReplicator onDemand update allowed rate per min is 4
2026-07-27T19:59:57.544+05:30  INFO 17916 --- [MESSAGE-SERVICE] [           main] com.netflix.discovery.DiscoveryClient    : Discovery Client initialized at timestamp 1785162597541 with initial instances count: 2
2026-07-27T19:59:57.549+05:30  INFO 17916 --- [MESSAGE-SERVICE] [           main] o.s.c.n.e.s.EurekaServiceRegistry        : Registering application MESSAGE-SERVICE with eureka with status UP
2026-07-27T19:59:57.551+05:30  INFO 17916 --- [MESSAGE-SERVICE] [           main] com.netflix.discovery.DiscoveryClient    : Saw local status change event StatusChangeEvent [timestamp=1785162597551, current=UP, previous=STARTING]
2026-07-27T19:59:57.555+05:30  INFO 17916 --- [MESSAGE-SERVICE] [nfoReplicator-0] com.netflix.discovery.DiscoveryClient    : DiscoveryClient_MESSAGE-SERVICE/localhost:MESSAGE-SERVICE:8086: registering service...
2026-07-27T19:59:57.598+05:30  INFO 17916 --- [MESSAGE-SERVICE] [           main] o.s.b.w.embedded.tomcat.TomcatWebServer  : Tomcat started on port 8086 (http) with context path ''
2026-07-27T19:59:57.601+05:30  INFO 17916 --- [MESSAGE-SERVICE] [           main] .s.c.n.e.s.EurekaAutoServiceRegistration : Updating port to 8086
2026-07-27T19:59:57.662+05:30  INFO 17916 --- [MESSAGE-SERVICE] [nfoReplicator-0] com.netflix.discovery.DiscoveryClient    : DiscoveryClient_MESSAGE-SERVICE/localhost:MESSAGE-SERVICE:8086 - registration status: 204
2026-07-27T19:59:58.620+05:30  INFO 17916 --- [MESSAGE-SERVICE] [           main] o.s.cloud.commons.util.InetUtils         : Cannot determine local hostname
2026-07-27T19:59:58.729+05:30  INFO 17916 --- [MESSAGE-SERVICE] [           main] c.a.messageservice.MessageApplication    : Started MessageApplication in 23.987 seconds (process running for 26.705)
2026-07-27T20:00:33.116+05:30  INFO 17916 --- [MESSAGE-SERVICE] [nio-8086-exec-1] o.a.c.c.C.[Tomcat].[localhost].[/]       : Initializing Spring DispatcherServlet 'dispatcherServlet'
2026-07-27T20:00:33.117+05:30  INFO 17916 --- [MESSAGE-SERVICE] [nio-8086-exec-1] o.s.web.servlet.DispatcherServlet        : Initializing Servlet 'dispatcherServlet'
2026-07-27T20:00:33.120+05:30  INFO 17916 --- [MESSAGE-SERVICE] [nio-8086-exec-1] o.s.web.servlet.DispatcherServlet        : Completed initialization in 3 ms
Hibernate: 
    select
        m1_0.id,
        m1_0.message_content,
        m1_0.read_status,
        m1_0.receiver_email,
        m1_0.receiver_id,
        m1_0.sender_email,
        m1_0.sender_id,
        m1_0.sent_at 
    from
        messages m1_0 
    where
        m1_0.receiver_id=? 
        or m1_0.sender_id=? 
    order by
        m1_0.sent_at desc
Hibernate: 
    select
        m1_0.id,
        m1_0.message_content,
        m1_0.read_status,
        m1_0.receiver_email,
        m1_0.receiver_id,
        m1_0.sender_email,
        m1_0.sender_id,
        m1_0.sent_at 
    from
        messages m1_0 
    where
        m1_0.receiver_id=? 
        or m1_0.sender_id=? 
    order by
        m1_0.sent_at desc
Hibernate: 
    select
        m1_0.id,
        m1_0.message_content,
        m1_0.read_status,
        m1_0.receiver_email,
        m1_0.receiver_id,
        m1_0.sender_email,
        m1_0.sender_id,
        m1_0.sent_at 
    from
        messages m1_0 
    where
        m1_0.receiver_id=? 
        or m1_0.sender_id=? 
    order by
        m1_0.sent_at desc
Hibernate: 
    select
        m1_0.id,
        m1_0.message_content,
        m1_0.read_status,
        m1_0.receiver_email,
        m1_0.receiver_id,
        m1_0.sender_email,
        m1_0.sender_id,
        m1_0.sent_at 
    from
        messages m1_0 
    where
        m1_0.receiver_id=? 
        or m1_0.sender_id=? 
    order by
        m1_0.sent_at desc
2026-07-27T20:04:56.734+05:30  INFO 17916 --- [MESSAGE-SERVICE] [trap-executor-0] c.n.d.s.r.aws.ConfigClusterResolver      : Resolving eureka endpoints via configuration
Hibernate: 
    SELECT
        COUNT(*) 
    FROM
        users 
    WHERE
        id = ?
Hibernate: 
    select
        m1_0.id,
        m1_0.message_content,
        m1_0.read_status,
        m1_0.receiver_email,
        m1_0.receiver_id,
        m1_0.sender_email,
        m1_0.sender_id,
        m1_0.sent_at 
    from
        messages m1_0 
    where
        (
            m1_0.sender_id=? 
            and m1_0.receiver_id=?
        ) 
        or (
            m1_0.sender_id=? 
            and m1_0.receiver_id=?
        ) 
    order by
        m1_0.sent_at
Hibernate: 
    SELECT
        COUNT(*) 
    FROM
        users 
    WHERE
        id = ?
Hibernate: 
    select
        m1_0.id,
        m1_0.message_content,
        m1_0.read_status,
        m1_0.receiver_email,
        m1_0.receiver_id,
        m1_0.sender_email,
        m1_0.sender_id,
        m1_0.sent_at 
    from
        messages m1_0 
    where
        (
            m1_0.sender_id=? 
            and m1_0.receiver_id=?
        ) 
        or (
            m1_0.sender_id=? 
            and m1_0.receiver_id=?
        ) 
    order by
        m1_0.sent_at
Hibernate: 
    select
        m1_0.id,
        m1_0.message_content,
        m1_0.read_status,
        m1_0.receiver_email,
        m1_0.receiver_id,
        m1_0.sender_email,
        m1_0.sender_id,
        m1_0.sent_at 
    from
        messages m1_0 
    where
        m1_0.receiver_id=? 
        or m1_0.sender_id=? 
    order by
        m1_0.sent_at desc
Hibernate: 
    select
        m1_0.id,
        m1_0.message_content,
        m1_0.read_status,
        m1_0.receiver_email,
        m1_0.receiver_id,
        m1_0.sender_email,
        m1_0.sender_id,
        m1_0.sent_at 
    from
        messages m1_0 
    where
        m1_0.receiver_id=? 
        or m1_0.sender_id=? 
    order by
        m1_0.sent_at desc
Hibernate: 
    select
        m1_0.id,
        m1_0.message_content,
        m1_0.read_status,
        m1_0.receiver_email,
        m1_0.receiver_id,
        m1_0.sender_email,
        m1_0.sender_id,
        m1_0.sent_at 
    from
        messages m1_0 
    where
        m1_0.receiver_id=? 
        or m1_0.sender_id=? 
    order by
        m1_0.sent_at desc
Hibernate: 
    select
        m1_0.id,
        m1_0.message_content,
        m1_0.read_status,
        m1_0.receiver_email,
        m1_0.receiver_id,
        m1_0.sender_email,
        m1_0.sender_id,
        m1_0.sent_at 
    from
        messages m1_0 
    where
        m1_0.receiver_id=? 
        or m1_0.sender_id=? 
    order by
        m1_0.sent_at desc
Hibernate: 
    SELECT
        COUNT(*) 
    FROM
        users 
    WHERE
        id = ?
Hibernate: 
    select
        m1_0.id,
        m1_0.message_content,
        m1_0.read_status,
        m1_0.receiver_email,
        m1_0.receiver_id,
        m1_0.sender_email,
        m1_0.sender_id,
        m1_0.sent_at 
    from
        messages m1_0 
    where
        (
            m1_0.sender_id=? 
            and m1_0.receiver_id=?
        ) 
        or (
            m1_0.sender_id=? 
            and m1_0.receiver_id=?
        ) 
    order by
        m1_0.sent_at
Hibernate: 
    SELECT
        COUNT(*) 
    FROM
        users 
    WHERE
        id = ?
Hibernate: 
    select
        m1_0.id,
        m1_0.message_content,
        m1_0.read_status,
        m1_0.receiver_email,
        m1_0.receiver_id,
        m1_0.sender_email,
        m1_0.sender_id,
        m1_0.sent_at 
    from
        messages m1_0 
    where
        (
            m1_0.sender_id=? 
            and m1_0.receiver_id=?
        ) 
        or (
            m1_0.sender_id=? 
            and m1_0.receiver_id=?
        ) 
    order by
        m1_0.sent_at
Hibernate: 
    SELECT
        COUNT(*) 
    FROM
        users 
    WHERE
        id = ?
Hibernate: 
    select
        m1_0.id,
        m1_0.message_content,
        m1_0.read_status,
        m1_0.receiver_email,
        m1_0.receiver_id,
        m1_0.sender_email,
        m1_0.sender_id,
        m1_0.sent_at 
    from
        messages m1_0 
    where
        (
            m1_0.sender_id=? 
            and m1_0.receiver_id=?
        ) 
        or (
            m1_0.sender_id=? 
            and m1_0.receiver_id=?
        ) 
    order by
        m1_0.sent_at
Hibernate: 
    select
        m1_0.id,
        m1_0.message_content,
        m1_0.read_status,
        m1_0.receiver_email,
        m1_0.receiver_id,
        m1_0.sender_email,
        m1_0.sender_id,
        m1_0.sent_at 
    from
        messages m1_0 
    where
        m1_0.receiver_id=? 
        or m1_0.sender_id=? 
    order by
        m1_0.sent_at desc
Hibernate: 
    select
        m1_0.id,
        m1_0.message_content,
        m1_0.read_status,
        m1_0.receiver_email,
        m1_0.receiver_id,
        m1_0.sender_email,
        m1_0.sender_id,
        m1_0.sent_at 
    from
        messages m1_0 
    where
        m1_0.receiver_id=? 
        or m1_0.sender_id=? 
    order by
        m1_0.sent_at desc
Hibernate: 
    select
        m1_0.id,
        m1_0.message_content,
        m1_0.read_status,
        m1_0.receiver_email,
        m1_0.receiver_id,
        m1_0.sender_email,
        m1_0.sender_id,
        m1_0.sent_at 
    from
        messages m1_0 
    where
        m1_0.receiver_id=? 
        or m1_0.sender_id=? 
    order by
        m1_0.sent_at desc
Hibernate: 
    select
        m1_0.id,
        m1_0.message_content,
        m1_0.read_status,
        m1_0.receiver_email,
        m1_0.receiver_id,
        m1_0.sender_email,
        m1_0.sender_id,
        m1_0.sent_at 
    from
        messages m1_0 
    where
        m1_0.receiver_id=? 
        or m1_0.sender_id=? 
    order by
        m1_0.sent_at desc
Hibernate: 
    SELECT
        COUNT(*) 
    FROM
        users 
    WHERE
        id = ?
Hibernate: 
    select
        m1_0.id,
        m1_0.message_content,
        m1_0.read_status,
        m1_0.receiver_email,
        m1_0.receiver_id,
        m1_0.sender_email,
        m1_0.sender_id,
        m1_0.sent_at 
    from
        messages m1_0 
    where
        (
            m1_0.sender_id=? 
            and m1_0.receiver_id=?
        ) 
        or (
            m1_0.sender_id=? 
            and m1_0.receiver_id=?
        ) 
    order by
        m1_0.sent_at
Hibernate: 
    SELECT
        COUNT(*) 
    FROM
        users 
    WHERE
        id = ?
Hibernate: 
    select
        m1_0.id,
        m1_0.message_content,
        m1_0.read_status,
        m1_0.receiver_email,
        m1_0.receiver_id,
        m1_0.sender_email,
        m1_0.sender_id,
        m1_0.sent_at 
    from
        messages m1_0 
    where
        (
            m1_0.sender_id=? 
            and m1_0.receiver_id=?
        ) 
        or (
            m1_0.sender_id=? 
            and m1_0.receiver_id=?
        ) 
    order by
        m1_0.sent_at
Hibernate: 
    SELECT
        COUNT(*) 
    FROM
        users 
    WHERE
        id = ?
Hibernate: 
    select
        m1_0.id,
        m1_0.message_content,
        m1_0.read_status,
        m1_0.receiver_email,
        m1_0.receiver_id,
        m1_0.sender_email,
        m1_0.sender_id,
        m1_0.sent_at 
    from
        messages m1_0 
    where
        (
            m1_0.sender_id=? 
            and m1_0.receiver_id=?
        ) 
        or (
            m1_0.sender_id=? 
            and m1_0.receiver_id=?
        ) 
    order by
        m1_0.sent_at
Hibernate: 
    SELECT
        COUNT(*) 
    FROM
        users 
    WHERE
        id = ?
Hibernate: 
    select
        m1_0.id,
        m1_0.message_content,
        m1_0.read_status,
        m1_0.receiver_email,
        m1_0.receiver_id,
        m1_0.sender_email,
        m1_0.sender_id,
        m1_0.sent_at 
    from
        messages m1_0 
    where
        (
            m1_0.sender_id=? 
            and m1_0.receiver_id=?
        ) 
        or (
            m1_0.sender_id=? 
            and m1_0.receiver_id=?
        ) 
    order by
        m1_0.sent_at
Hibernate: 
    select
        m1_0.id,
        m1_0.message_content,
        m1_0.read_status,
        m1_0.receiver_email,
        m1_0.receiver_id,
        m1_0.sender_email,
        m1_0.sender_id,
        m1_0.sent_at 
    from
        messages m1_0 
    where
        m1_0.receiver_id=? 
        or m1_0.sender_id=? 
    order by
        m1_0.sent_at desc
Hibernate: 
    select
        m1_0.id,
        m1_0.message_content,
        m1_0.read_status,
        m1_0.receiver_email,
        m1_0.receiver_id,
        m1_0.sender_email,
        m1_0.sender_id,
        m1_0.sent_at 
    from
        messages m1_0 
    where
        m1_0.receiver_id=? 
        or m1_0.sender_id=? 
    order by
        m1_0.sent_at desc
Hibernate: 
    SELECT
        COUNT(*) 
    FROM
        users 
    WHERE
        id = ?
Hibernate: 
    select
        m1_0.id,
        m1_0.message_content,
        m1_0.read_status,
        m1_0.receiver_email,
        m1_0.receiver_id,
        m1_0.sender_email,
        m1_0.sender_id,
        m1_0.sent_at 
    from
        messages m1_0 
    where
        (
            m1_0.sender_id=? 
            and m1_0.receiver_id=?
        ) 
        or (
            m1_0.sender_id=? 
            and m1_0.receiver_id=?
        ) 
    order by
        m1_0.sent_at
Hibernate: 
    SELECT
        COUNT(*) 
    FROM
        users 
    WHERE
        id = ?
Hibernate: 
    select
        m1_0.id,
        m1_0.message_content,
        m1_0.read_status,
        m1_0.receiver_email,
        m1_0.receiver_id,
        m1_0.sender_email,
        m1_0.sender_id,
        m1_0.sent_at 
    from
        messages m1_0 
    where
        (
            m1_0.sender_id=? 
            and m1_0.receiver_id=?
        ) 
        or (
            m1_0.sender_id=? 
            and m1_0.receiver_id=?
        ) 
    order by
        m1_0.sent_at
Hibernate: 
    select
        m1_0.id,
        m1_0.message_content,
        m1_0.read_status,
        m1_0.receiver_email,
        m1_0.receiver_id,
        m1_0.sender_email,
        m1_0.sender_id,
        m1_0.sent_at 
    from
        messages m1_0 
    where
        m1_0.receiver_id=? 
        or m1_0.sender_id=? 
    order by
        m1_0.sent_at desc
Hibernate: 
    select
        m1_0.id,
        m1_0.message_content,
        m1_0.read_status,
        m1_0.receiver_email,
        m1_0.receiver_id,
        m1_0.sender_email,
        m1_0.sender_id,
        m1_0.sent_at 
    from
        messages m1_0 
    where
        m1_0.receiver_id=? 
        or m1_0.sender_id=? 
    order by
        m1_0.sent_at desc
Hibernate: 
    select
        m1_0.id,
        m1_0.message_content,
        m1_0.read_status,
        m1_0.receiver_email,
        m1_0.receiver_id,
        m1_0.sender_email,
        m1_0.sender_id,
        m1_0.sent_at 
    from
        messages m1_0 
    where
        m1_0.receiver_id=? 
        or m1_0.sender_id=? 
    order by
        m1_0.sent_at desc
Hibernate: 
    select
        m1_0.id,
        m1_0.message_content,
        m1_0.read_status,
        m1_0.receiver_email,
        m1_0.receiver_id,
        m1_0.sender_email,
        m1_0.sender_id,
        m1_0.sent_at 
    from
        messages m1_0 
    where
        m1_0.receiver_id=? 
        or m1_0.sender_id=? 
    order by
        m1_0.sent_at desc
2026-07-27T20:09:56.747+05:30  INFO 17916 --- [MESSAGE-SERVICE] [trap-executor-0] c.n.d.s.r.aws.ConfigClusterResolver      : Resolving eureka endpoints via configuration
Hibernate: 
    select
        m1_0.id,
        m1_0.message_content,
        m1_0.read_status,
        m1_0.receiver_email,
        m1_0.receiver_id,
        m1_0.sender_email,
        m1_0.sender_id,
        m1_0.sent_at 
    from
        messages m1_0 
    where
        m1_0.receiver_id=? 
        or m1_0.sender_id=? 
    order by
        m1_0.sent_at desc
Hibernate: 
    select
        m1_0.id,
        m1_0.message_content,
        m1_0.read_status,
        m1_0.receiver_email,
        m1_0.receiver_id,
        m1_0.sender_email,
        m1_0.sender_id,
        m1_0.sent_at 
    from
        messages m1_0 
    where
        m1_0.receiver_id=? 
        or m1_0.sender_id=? 
    order by
        m1_0.sent_at desc
Hibernate: 
    select
        m1_0.id,
        m1_0.message_content,
        m1_0.read_status,
        m1_0.receiver_email,
        m1_0.receiver_id,
        m1_0.sender_email,
        m1_0.sender_id,
        m1_0.sent_at 
    from
        messages m1_0 
    where
        m1_0.receiver_id=? 
        or m1_0.sender_id=? 
    order by
        m1_0.sent_at desc
Hibernate: 
    select
        m1_0.id,
        m1_0.message_content,
        m1_0.read_status,
        m1_0.receiver_email,
        m1_0.receiver_id,
        m1_0.sender_email,
        m1_0.sender_id,
        m1_0.sent_at 
    from
        messages m1_0 
    where
        m1_0.receiver_id=? 
        or m1_0.sender_id=? 
    order by
        m1_0.sent_at desc
Hibernate: 
    SELECT
        COUNT(*) 
    FROM
        users 
    WHERE
        id = ?
Hibernate: 
    select
        m1_0.id,
        m1_0.message_content,
        m1_0.read_status,
        m1_0.receiver_email,
        m1_0.receiver_id,
        m1_0.sender_email,
        m1_0.sender_id,
        m1_0.sent_at 
    from
        messages m1_0 
    where
        (
            m1_0.sender_id=? 
            and m1_0.receiver_id=?
        ) 
        or (
            m1_0.sender_id=? 
            and m1_0.receiver_id=?
        ) 
    order by
        m1_0.sent_at
Hibernate: 
    SELECT
        COUNT(*) 
    FROM
        users 
    WHERE
        id = ?
Hibernate: 
    select
        m1_0.id,
        m1_0.message_content,
        m1_0.read_status,
        m1_0.receiver_email,
        m1_0.receiver_id,
        m1_0.sender_email,
        m1_0.sender_id,
        m1_0.sent_at 
    from
        messages m1_0 
    where
        (
            m1_0.sender_id=? 
            and m1_0.receiver_id=?
        ) 
        or (
            m1_0.sender_id=? 
            and m1_0.receiver_id=?
        ) 
    order by
        m1_0.sent_at
Hibernate: 
    select
        m1_0.id,
        m1_0.message_content,
        m1_0.read_status,
        m1_0.receiver_email,
        m1_0.receiver_id,
        m1_0.sender_email,
        m1_0.sender_id,
        m1_0.sent_at 
    from
        messages m1_0 
    where
        m1_0.receiver_id=? 
        or m1_0.sender_id=? 
    order by
        m1_0.sent_at desc
Hibernate: 
    select
        m1_0.id,
        m1_0.message_content,
        m1_0.read_status,
        m1_0.receiver_email,
        m1_0.receiver_id,
        m1_0.sender_email,
        m1_0.sender_id,
        m1_0.sent_at 
    from
        messages m1_0 
    where
        m1_0.receiver_id=? 
        or m1_0.sender_id=? 
    order by
        m1_0.sent_at desc
Hibernate: 
    select
        m1_0.id,
        m1_0.message_content,
        m1_0.read_status,
        m1_0.receiver_email,
        m1_0.receiver_id,
        m1_0.sender_email,
        m1_0.sender_id,
        m1_0.sent_at 
    from
        messages m1_0 
    where
        m1_0.receiver_id=? 
        or m1_0.sender_id=? 
    order by
        m1_0.sent_at desc
Hibernate: 
    select
        m1_0.id,
        m1_0.message_content,
        m1_0.read_status,
        m1_0.receiver_email,
        m1_0.receiver_id,
        m1_0.sender_email,
        m1_0.sender_id,
        m1_0.sent_at 
    from
        messages m1_0 
    where
        m1_0.receiver_id=? 
        or m1_0.sender_id=? 
    order by
        m1_0.sent_at desc
Hibernate: 
    select
        m1_0.id,
        m1_0.message_content,
        m1_0.read_status,
        m1_0.receiver_email,
        m1_0.receiver_id,
        m1_0.sender_email,
        m1_0.sender_id,
        m1_0.sent_at 
    from
        messages m1_0 
    where
        m1_0.receiver_id=? 
        or m1_0.sender_id=? 
    order by
        m1_0.sent_at desc
Hibernate: 
    select
        m1_0.id,
        m1_0.message_content,
        m1_0.read_status,
        m1_0.receiver_email,
        m1_0.receiver_id,
        m1_0.sender_email,
        m1_0.sender_id,
        m1_0.sent_at 
    from
        messages m1_0 
    where
        m1_0.receiver_id=? 
        or m1_0.sender_id=? 
    order by
        m1_0.sent_at desc
2026-07-27T20:14:56.773+05:30  INFO 17916 --- [MESSAGE-SERVICE] [trap-executor-0] c.n.d.s.r.aws.ConfigClusterResolver      : Resolving eureka endpoints via configuration
2026-07-27T20:19:56.821+05:30  INFO 17916 --- [MESSAGE-SERVICE] [trap-executor-0] c.n.d.s.r.aws.ConfigClusterResolver      : Resolving eureka endpoints via configuration
2026-07-27T20:24:56.866+05:30  INFO 17916 --- [MESSAGE-SERVICE] [trap-executor-0] c.n.d.s.r.aws.ConfigClusterResolver      : Resolving eureka endpoints via configuration
Hibernate: 
    SELECT
        COUNT(*) 
    FROM
        users 
    WHERE
        id = ?
Hibernate: 
    select
        m1_0.id,
        m1_0.message_content,
        m1_0.read_status,
        m1_0.receiver_email,
        m1_0.receiver_id,
        m1_0.sender_email,
        m1_0.sender_id,
        m1_0.sent_at 
    from
        messages m1_0 
    where
        (
            m1_0.sender_id=? 
            and m1_0.receiver_id=?
        ) 
        or (
            m1_0.sender_id=? 
            and m1_0.receiver_id=?
        ) 
    order by
        m1_0.sent_at
Hibernate: 
    SELECT
        COUNT(*) 
    FROM
        users 
    WHERE
        id = ?
Hibernate: 
    select
        m1_0.id,
        m1_0.message_content,
        m1_0.read_status,
        m1_0.receiver_email,
        m1_0.receiver_id,
        m1_0.sender_email,
        m1_0.sender_id,
        m1_0.sent_at 
    from
        messages m1_0 
    where
        (
            m1_0.sender_id=? 
            and m1_0.receiver_id=?
        ) 
        or (
            m1_0.sender_id=? 
            and m1_0.receiver_id=?
        ) 
    order by
        m1_0.sent_at
Hibernate: 
    SELECT
        COUNT(*) 
    FROM
        users 
    WHERE
        id = ?
Hibernate: 
    select
        m1_0.id,
        m1_0.message_content,
        m1_0.read_status,
        m1_0.receiver_email,
        m1_0.receiver_id,
        m1_0.sender_email,
        m1_0.sender_id,
        m1_0.sent_at 
    from
        messages m1_0 
    where
        (
            m1_0.sender_id=? 
            and m1_0.receiver_id=?
        ) 
        or (
            m1_0.sender_id=? 
            and m1_0.receiver_id=?
        ) 
    order by
        m1_0.sent_at
