
  .   ____          _            __ _ _
 /\\ / ___'_ __ _ _(_)_ __  __ _ \ \ \ \
( ( )\___ | '_ | '_| | '_ \/ _` | \ \ \ \
 \\/  ___)| |_)| | | | | || (_| |  ) ) ) )
  '  |____| .__|_| |_|_| |_\__, | / / / /
 =========|_|==============|___/=/_/_/_/
 :: Spring Boot ::                (v3.2.5)

2026-08-09T00:26:10.792+05:30  INFO 42128 --- [NOTIFICATION-SERVICE] [           main] c.a.n.NotificationApplication            : Starting NotificationApplication v1.0.0 using Java 24.0.1 with PID 42128 (E:\alumni-management-system\NotificationMS\target\NotificationMS-1.0.0.jar started by ROHIT SINGH in E:\alumni-management-system)
2026-08-09T00:26:10.826+05:30  INFO 42128 --- [NOTIFICATION-SERVICE] [           main] c.a.n.NotificationApplication            : No active profile set, falling back to 1 default profile: "default"
2026-08-09T00:26:16.184+05:30  INFO 42128 --- [NOTIFICATION-SERVICE] [           main] .s.d.r.c.RepositoryConfigurationDelegate : Bootstrapping Spring Data JPA repositories in DEFAULT mode.
2026-08-09T00:26:16.671+05:30  INFO 42128 --- [NOTIFICATION-SERVICE] [           main] .s.d.r.c.RepositoryConfigurationDelegate : Finished Spring Data repository scanning in 460 ms. Found 1 JPA repository interface.
2026-08-09T00:26:18.071+05:30  INFO 42128 --- [NOTIFICATION-SERVICE] [           main] o.s.cloud.context.scope.GenericScope     : BeanFactory id=15a76c7f-b3c0-3725-b925-446d5f364c74
2026-08-09T00:26:18.974+05:30  WARN 42128 --- [NOTIFICATION-SERVICE] [           main] trationDelegate$BeanPostProcessorChecker : Bean 'org.springframework.cloud.client.loadbalancer.LoadBalancerAutoConfiguration$DeferringLoadBalancerInterceptorConfig' of type [org.springframework.cloud.client.loadbalancer.LoadBalancerAutoConfiguration$DeferringLoadBalancerInterceptorConfig] is not eligible for getting processed by all BeanPostProcessors (for example: not eligible for auto-proxying). The currently created BeanPostProcessor [lbRestClientPostProcessor] is declared through a non-static factory method on that class; consider declaring it as static instead.
2026-08-09T00:26:18.984+05:30  WARN 42128 --- [NOTIFICATION-SERVICE] [           main] trationDelegate$BeanPostProcessorChecker : Bean 'deferringLoadBalancerInterceptor' of type [org.springframework.cloud.client.loadbalancer.DeferringLoadBalancerInterceptor] is not eligible for getting processed by all BeanPostProcessors (for example: not eligible for auto-proxying). Is this bean getting eagerly injected into a currently created BeanPostProcessor [lbRestClientPostProcessor]? Check the corresponding BeanPostProcessor declaration and its dependencies.
2026-08-09T00:26:20.108+05:30  INFO 42128 --- [NOTIFICATION-SERVICE] [           main] o.s.b.w.embedded.tomcat.TomcatWebServer  : Tomcat initialized with port 8087 (http)
2026-08-09T00:26:20.135+05:30  INFO 42128 --- [NOTIFICATION-SERVICE] [           main] o.apache.catalina.core.StandardService   : Starting service [Tomcat]
2026-08-09T00:26:20.135+05:30  INFO 42128 --- [NOTIFICATION-SERVICE] [           main] o.apache.catalina.core.StandardEngine    : Starting Servlet engine: [Apache Tomcat/10.1.20]
2026-08-09T00:26:20.231+05:30  INFO 42128 --- [NOTIFICATION-SERVICE] [           main] o.a.c.c.C.[Tomcat].[localhost].[/]       : Initializing Spring embedded WebApplicationContext
2026-08-09T00:26:20.232+05:30  INFO 42128 --- [NOTIFICATION-SERVICE] [           main] w.s.c.ServletWebServerApplicationContext : Root WebApplicationContext: initialization completed in 8852 ms
2026-08-09T00:26:20.717+05:30  INFO 42128 --- [NOTIFICATION-SERVICE] [           main] o.hibernate.jpa.internal.util.LogHelper  : HHH000204: Processing PersistenceUnitInfo [name: default]
2026-08-09T00:26:20.968+05:30  INFO 42128 --- [NOTIFICATION-SERVICE] [           main] org.hibernate.Version                    : HHH000412: Hibernate ORM core version 6.4.4.Final
2026-08-09T00:26:21.118+05:30  INFO 42128 --- [NOTIFICATION-SERVICE] [           main] o.h.c.internal.RegionFactoryInitiator    : HHH000026: Second-level cache disabled
2026-08-09T00:26:22.553+05:30  INFO 42128 --- [NOTIFICATION-SERVICE] [           main] o.s.o.j.p.SpringPersistenceUnitInfo      : No LoadTimeWeaver setup: ignoring JPA class transformer
2026-08-09T00:26:22.842+05:30  INFO 42128 --- [NOTIFICATION-SERVICE] [           main] com.zaxxer.hikari.HikariDataSource       : HikariPool-1 - Starting...
2026-08-09T00:26:23.770+05:30  INFO 42128 --- [NOTIFICATION-SERVICE] [           main] com.zaxxer.hikari.pool.HikariPool        : HikariPool-1 - Added connection com.mysql.cj.jdbc.ConnectionImpl@1aeff8ca
2026-08-09T00:26:23.776+05:30  INFO 42128 --- [NOTIFICATION-SERVICE] [           main] com.zaxxer.hikari.HikariDataSource       : HikariPool-1 - Start completed.
2026-08-09T00:26:23.974+05:30  WARN 42128 --- [NOTIFICATION-SERVICE] [           main] org.hibernate.orm.deprecation            : HHH90000025: MySQLDialect does not need to be specified explicitly using 'hibernate.dialect' (remove the property setting and it will be selected by default)
2026-08-09T00:26:26.880+05:30  INFO 42128 --- [NOTIFICATION-SERVICE] [           main] o.h.e.t.j.p.i.JtaPlatformInitiator       : HHH000489: No JTA platform available (set 'hibernate.transaction.jta.platform' to enable JTA platform integration)
2026-08-09T00:26:27.042+05:30  INFO 42128 --- [NOTIFICATION-SERVICE] [           main] j.LocalContainerEntityManagerFactoryBean : Initialized JPA EntityManagerFactory for persistence unit 'default'
2026-08-09T00:26:28.435+05:30  WARN 42128 --- [NOTIFICATION-SERVICE] [           main] JpaBaseConfiguration$JpaWebConfiguration : spring.jpa.open-in-view is enabled by default. Therefore, database queries may be performed during view rendering. Explicitly configure spring.jpa.open-in-view to disable this warning
2026-08-09T00:26:30.396+05:30  INFO 42128 --- [NOTIFICATION-SERVICE] [           main] o.s.cloud.commons.util.InetUtils         : Cannot determine local hostname
2026-08-09T00:26:31.451+05:30  INFO 42128 --- [NOTIFICATION-SERVICE] [           main] o.s.cloud.commons.util.InetUtils         : Cannot determine local hostname
2026-08-09T00:26:31.532+05:30  INFO 42128 --- [NOTIFICATION-SERVICE] [           main] DiscoveryClientOptionalArgsConfiguration : Eureka HTTP Client uses RestTemplate.
2026-08-09T00:26:31.634+05:30  WARN 42128 --- [NOTIFICATION-SERVICE] [           main] iguration$LoadBalancerCaffeineWarnLogger : Spring Cloud LoadBalancer is currently working with the default cache. While this cache implementation is useful for development and tests, it's recommended to use Caffeine cache in production.You can switch to using Caffeine cache, by adding it and org.springframework.cache.caffeine.CaffeineCacheManager to the classpath.
2026-08-09T00:26:31.743+05:30  INFO 42128 --- [NOTIFICATION-SERVICE] [           main] o.s.c.n.eureka.InstanceInfoFactory       : Setting initial instance status as: STARTING
2026-08-09T00:26:31.985+05:30  INFO 42128 --- [NOTIFICATION-SERVICE] [           main] com.netflix.discovery.DiscoveryClient    : Initializing Eureka in region us-east-1
2026-08-09T00:26:32.000+05:30  INFO 42128 --- [NOTIFICATION-SERVICE] [           main] c.n.d.s.r.aws.ConfigClusterResolver      : Resolving eureka endpoints via configuration
2026-08-09T00:26:32.056+05:30  INFO 42128 --- [NOTIFICATION-SERVICE] [           main] com.netflix.discovery.DiscoveryClient    : Disable delta property : false
2026-08-09T00:26:32.058+05:30  INFO 42128 --- [NOTIFICATION-SERVICE] [           main] com.netflix.discovery.DiscoveryClient    : Single vip registry refresh property : null
2026-08-09T00:26:32.058+05:30  INFO 42128 --- [NOTIFICATION-SERVICE] [           main] com.netflix.discovery.DiscoveryClient    : Force full registry fetch : false
2026-08-09T00:26:32.059+05:30  INFO 42128 --- [NOTIFICATION-SERVICE] [           main] com.netflix.discovery.DiscoveryClient    : Application is null : false
2026-08-09T00:26:32.059+05:30  INFO 42128 --- [NOTIFICATION-SERVICE] [           main] com.netflix.discovery.DiscoveryClient    : Registered Applications size is zero : true
2026-08-09T00:26:32.059+05:30  INFO 42128 --- [NOTIFICATION-SERVICE] [           main] com.netflix.discovery.DiscoveryClient    : Application version is -1: true
2026-08-09T00:26:32.060+05:30  INFO 42128 --- [NOTIFICATION-SERVICE] [           main] com.netflix.discovery.DiscoveryClient    : Getting all instance registry info from the eureka server
2026-08-09T00:26:32.874+05:30  INFO 42128 --- [NOTIFICATION-SERVICE] [           main] com.netflix.discovery.DiscoveryClient    : The response status is 200
2026-08-09T00:26:32.880+05:30  INFO 42128 --- [NOTIFICATION-SERVICE] [           main] com.netflix.discovery.DiscoveryClient    : Starting heartbeat executor: renew interval is: 30
2026-08-09T00:26:32.887+05:30  INFO 42128 --- [NOTIFICATION-SERVICE] [           main] c.n.discovery.InstanceInfoReplicator     : InstanceInfoReplicator onDemand update allowed rate per min is 4
2026-08-09T00:26:32.896+05:30  INFO 42128 --- [NOTIFICATION-SERVICE] [           main] com.netflix.discovery.DiscoveryClient    : Discovery Client initialized at timestamp 1786215392895 with initial instances count: 7
2026-08-09T00:26:32.902+05:30  INFO 42128 --- [NOTIFICATION-SERVICE] [           main] o.s.c.n.e.s.EurekaServiceRegistry        : Registering application NOTIFICATION-SERVICE with eureka with status UP
2026-08-09T00:26:32.903+05:30  INFO 42128 --- [NOTIFICATION-SERVICE] [           main] com.netflix.discovery.DiscoveryClient    : Saw local status change event StatusChangeEvent [timestamp=1786215392903, current=UP, previous=STARTING]
2026-08-09T00:26:32.909+05:30  INFO 42128 --- [NOTIFICATION-SERVICE] [nfoReplicator-0] com.netflix.discovery.DiscoveryClient    : DiscoveryClient_NOTIFICATION-SERVICE/localhost:NOTIFICATION-SERVICE:8087: registering service...
2026-08-09T00:26:32.945+05:30  INFO 42128 --- [NOTIFICATION-SERVICE] [           main] o.s.b.w.embedded.tomcat.TomcatWebServer  : Tomcat started on port 8087 (http) with context path ''
2026-08-09T00:26:32.948+05:30  INFO 42128 --- [NOTIFICATION-SERVICE] [           main] .s.c.n.e.s.EurekaAutoServiceRegistration : Updating port to 8087
2026-08-09T00:26:32.984+05:30  INFO 42128 --- [NOTIFICATION-SERVICE] [nfoReplicator-0] com.netflix.discovery.DiscoveryClient    : DiscoveryClient_NOTIFICATION-SERVICE/localhost:NOTIFICATION-SERVICE:8087 - registration status: 204
2026-08-09T00:26:33.959+05:30  INFO 42128 --- [NOTIFICATION-SERVICE] [           main] o.s.cloud.commons.util.InetUtils         : Cannot determine local hostname
2026-08-09T00:26:33.982+05:30  INFO 42128 --- [NOTIFICATION-SERVICE] [           main] c.a.n.NotificationApplication            : Started NotificationApplication in 27.457 seconds (process running for 31.814)
