
  .   ____          _            __ _ _
 /\\ / ___'_ __ _ _(_)_ __  __ _ \ \ \ \
( ( )\___ | '_ | '_| | '_ \/ _` | \ \ \ \
 \\/  ___)| |_)| | | | | || (_| |  ) ) ) )
  '  |____| .__|_| |_|_| |_\__, | / / / /
 =========|_|==============|___/=/_/_/_/
 :: Spring Boot ::                (v3.2.5)

2026-08-09T00:25:38.860+05:30  INFO 15836 --- [PROFILE-SERVICE] [           main] c.a.profileservice.ProfileApplication    : Starting ProfileApplication v1.0.0 using Java 24.0.1 with PID 15836 (E:\alumni-management-system\ProfileMS\target\profile-ms-1.0.0.jar started by ROHIT SINGH in E:\alumni-management-system)
2026-08-09T00:25:38.868+05:30  INFO 15836 --- [PROFILE-SERVICE] [           main] c.a.profileservice.ProfileApplication    : No active profile set, falling back to 1 default profile: "default"
2026-08-09T00:25:42.328+05:30  INFO 15836 --- [PROFILE-SERVICE] [           main] .s.d.r.c.RepositoryConfigurationDelegate : Bootstrapping Spring Data JPA repositories in DEFAULT mode.
2026-08-09T00:25:42.761+05:30  INFO 15836 --- [PROFILE-SERVICE] [           main] .s.d.r.c.RepositoryConfigurationDelegate : Finished Spring Data repository scanning in 409 ms. Found 1 JPA repository interface.
2026-08-09T00:25:43.252+05:30  INFO 15836 --- [PROFILE-SERVICE] [           main] o.s.cloud.context.scope.GenericScope     : BeanFactory id=311bcc34-a4de-3b8e-9cdb-c609c2bc3421
2026-08-09T00:25:43.680+05:30  WARN 15836 --- [PROFILE-SERVICE] [           main] trationDelegate$BeanPostProcessorChecker : Bean 'org.springframework.cloud.client.loadbalancer.LoadBalancerAutoConfiguration$DeferringLoadBalancerInterceptorConfig' of type [org.springframework.cloud.client.loadbalancer.LoadBalancerAutoConfiguration$DeferringLoadBalancerInterceptorConfig] is not eligible for getting processed by all BeanPostProcessors (for example: not eligible for auto-proxying). The currently created BeanPostProcessor [lbRestClientPostProcessor] is declared through a non-static factory method on that class; consider declaring it as static instead.
2026-08-09T00:25:43.688+05:30  WARN 15836 --- [PROFILE-SERVICE] [           main] trationDelegate$BeanPostProcessorChecker : Bean 'deferringLoadBalancerInterceptor' of type [org.springframework.cloud.client.loadbalancer.DeferringLoadBalancerInterceptor] is not eligible for getting processed by all BeanPostProcessors (for example: not eligible for auto-proxying). Is this bean getting eagerly injected into a currently created BeanPostProcessor [lbRestClientPostProcessor]? Check the corresponding BeanPostProcessor declaration and its dependencies.
2026-08-09T00:25:44.501+05:30  INFO 15836 --- [PROFILE-SERVICE] [           main] o.s.b.w.embedded.tomcat.TomcatWebServer  : Tomcat initialized with port 8082 (http)
2026-08-09T00:25:44.544+05:30  INFO 15836 --- [PROFILE-SERVICE] [           main] o.apache.catalina.core.StandardService   : Starting service [Tomcat]
2026-08-09T00:25:44.545+05:30  INFO 15836 --- [PROFILE-SERVICE] [           main] o.apache.catalina.core.StandardEngine    : Starting Servlet engine: [Apache Tomcat/10.1.20]
2026-08-09T00:25:44.648+05:30  INFO 15836 --- [PROFILE-SERVICE] [           main] o.a.c.c.C.[Tomcat].[localhost].[/]       : Initializing Spring embedded WebApplicationContext
2026-08-09T00:25:44.650+05:30  INFO 15836 --- [PROFILE-SERVICE] [           main] w.s.c.ServletWebServerApplicationContext : Root WebApplicationContext: initialization completed in 5471 ms
2026-08-09T00:25:45.276+05:30  INFO 15836 --- [PROFILE-SERVICE] [           main] o.hibernate.jpa.internal.util.LogHelper  : HHH000204: Processing PersistenceUnitInfo [name: default]
2026-08-09T00:25:45.687+05:30  INFO 15836 --- [PROFILE-SERVICE] [           main] org.hibernate.Version                    : HHH000412: Hibernate ORM core version 6.4.4.Final
2026-08-09T00:25:45.874+05:30  INFO 15836 --- [PROFILE-SERVICE] [           main] o.h.c.internal.RegionFactoryInitiator    : HHH000026: Second-level cache disabled
2026-08-09T00:25:47.021+05:30  INFO 15836 --- [PROFILE-SERVICE] [           main] o.s.o.j.p.SpringPersistenceUnitInfo      : No LoadTimeWeaver setup: ignoring JPA class transformer
2026-08-09T00:25:47.156+05:30  INFO 15836 --- [PROFILE-SERVICE] [           main] com.zaxxer.hikari.HikariDataSource       : HikariPool-1 - Starting...
2026-08-09T00:25:48.043+05:30  INFO 15836 --- [PROFILE-SERVICE] [           main] com.zaxxer.hikari.pool.HikariPool        : HikariPool-1 - Added connection com.mysql.cj.jdbc.ConnectionImpl@618f627b
2026-08-09T00:25:48.050+05:30  INFO 15836 --- [PROFILE-SERVICE] [           main] com.zaxxer.hikari.HikariDataSource       : HikariPool-1 - Start completed.
2026-08-09T00:25:48.321+05:30  WARN 15836 --- [PROFILE-SERVICE] [           main] org.hibernate.orm.deprecation            : HHH90000025: MySQLDialect does not need to be specified explicitly using 'hibernate.dialect' (remove the property setting and it will be selected by default)
2026-08-09T00:25:50.522+05:30  INFO 15836 --- [PROFILE-SERVICE] [           main] o.h.e.t.j.p.i.JtaPlatformInitiator       : HHH000489: No JTA platform available (set 'hibernate.transaction.jta.platform' to enable JTA platform integration)
2026-08-09T00:25:50.673+05:30  INFO 15836 --- [PROFILE-SERVICE] [           main] j.LocalContainerEntityManagerFactoryBean : Initialized JPA EntityManagerFactory for persistence unit 'default'
2026-08-09T00:25:53.732+05:30  WARN 15836 --- [PROFILE-SERVICE] [           main] JpaBaseConfiguration$JpaWebConfiguration : spring.jpa.open-in-view is enabled by default. Therefore, database queries may be performed during view rendering. Explicitly configure spring.jpa.open-in-view to disable this warning
2026-08-09T00:25:57.115+05:30  INFO 15836 --- [PROFILE-SERVICE] [           main] o.s.cloud.commons.util.InetUtils         : Cannot determine local hostname
2026-08-09T00:25:58.296+05:30  INFO 15836 --- [PROFILE-SERVICE] [           main] o.s.cloud.commons.util.InetUtils         : Cannot determine local hostname
2026-08-09T00:25:58.381+05:30  INFO 15836 --- [PROFILE-SERVICE] [           main] DiscoveryClientOptionalArgsConfiguration : Eureka HTTP Client uses RestTemplate.
2026-08-09T00:25:58.581+05:30  WARN 15836 --- [PROFILE-SERVICE] [           main] iguration$LoadBalancerCaffeineWarnLogger : Spring Cloud LoadBalancer is currently working with the default cache. While this cache implementation is useful for development and tests, it's recommended to use Caffeine cache in production.You can switch to using Caffeine cache, by adding it and org.springframework.cache.caffeine.CaffeineCacheManager to the classpath.
2026-08-09T00:25:58.741+05:30  INFO 15836 --- [PROFILE-SERVICE] [           main] o.s.c.n.eureka.InstanceInfoFactory       : Setting initial instance status as: STARTING
2026-08-09T00:25:59.289+05:30  INFO 15836 --- [PROFILE-SERVICE] [           main] com.netflix.discovery.DiscoveryClient    : Initializing Eureka in region us-east-1
2026-08-09T00:25:59.305+05:30  INFO 15836 --- [PROFILE-SERVICE] [           main] c.n.d.s.r.aws.ConfigClusterResolver      : Resolving eureka endpoints via configuration
2026-08-09T00:25:59.441+05:30  INFO 15836 --- [PROFILE-SERVICE] [           main] com.netflix.discovery.DiscoveryClient    : Disable delta property : false
2026-08-09T00:25:59.443+05:30  INFO 15836 --- [PROFILE-SERVICE] [           main] com.netflix.discovery.DiscoveryClient    : Single vip registry refresh property : null
2026-08-09T00:25:59.447+05:30  INFO 15836 --- [PROFILE-SERVICE] [           main] com.netflix.discovery.DiscoveryClient    : Force full registry fetch : false
2026-08-09T00:25:59.449+05:30  INFO 15836 --- [PROFILE-SERVICE] [           main] com.netflix.discovery.DiscoveryClient    : Application is null : false
2026-08-09T00:25:59.449+05:30  INFO 15836 --- [PROFILE-SERVICE] [           main] com.netflix.discovery.DiscoveryClient    : Registered Applications size is zero : true
2026-08-09T00:25:59.449+05:30  INFO 15836 --- [PROFILE-SERVICE] [           main] com.netflix.discovery.DiscoveryClient    : Application version is -1: true
2026-08-09T00:25:59.449+05:30  INFO 15836 --- [PROFILE-SERVICE] [           main] com.netflix.discovery.DiscoveryClient    : Getting all instance registry info from the eureka server
2026-08-09T00:26:01.648+05:30  INFO 15836 --- [PROFILE-SERVICE] [           main] com.netflix.discovery.DiscoveryClient    : The response status is 200
2026-08-09T00:26:01.666+05:30  INFO 15836 --- [PROFILE-SERVICE] [           main] com.netflix.discovery.DiscoveryClient    : Starting heartbeat executor: renew interval is: 30
2026-08-09T00:26:01.690+05:30  INFO 15836 --- [PROFILE-SERVICE] [           main] c.n.discovery.InstanceInfoReplicator     : InstanceInfoReplicator onDemand update allowed rate per min is 4
2026-08-09T00:26:01.715+05:30  INFO 15836 --- [PROFILE-SERVICE] [           main] com.netflix.discovery.DiscoveryClient    : Discovery Client initialized at timestamp 1786215361713 with initial instances count: 3
2026-08-09T00:26:01.726+05:30  INFO 15836 --- [PROFILE-SERVICE] [           main] o.s.c.n.e.s.EurekaServiceRegistry        : Registering application PROFILE-SERVICE with eureka with status UP
2026-08-09T00:26:01.729+05:30  INFO 15836 --- [PROFILE-SERVICE] [           main] com.netflix.discovery.DiscoveryClient    : Saw local status change event StatusChangeEvent [timestamp=1786215361729, current=UP, previous=STARTING]
2026-08-09T00:26:01.778+05:30  INFO 15836 --- [PROFILE-SERVICE] [nfoReplicator-0] com.netflix.discovery.DiscoveryClient    : DiscoveryClient_PROFILE-SERVICE/localhost:PROFILE-SERVICE:8082: registering service...
2026-08-09T00:26:02.110+05:30  INFO 15836 --- [PROFILE-SERVICE] [           main] o.s.b.w.embedded.tomcat.TomcatWebServer  : Tomcat started on port 8082 (http) with context path ''
2026-08-09T00:26:02.114+05:30  INFO 15836 --- [PROFILE-SERVICE] [           main] .s.c.n.e.s.EurekaAutoServiceRegistration : Updating port to 8082
2026-08-09T00:26:02.132+05:30  INFO 15836 --- [PROFILE-SERVICE] [nfoReplicator-0] com.netflix.discovery.DiscoveryClient    : DiscoveryClient_PROFILE-SERVICE/localhost:PROFILE-SERVICE:8082 - registration status: 204
2026-08-09T00:26:03.755+05:30  INFO 15836 --- [PROFILE-SERVICE] [           main] o.s.cloud.commons.util.InetUtils         : Cannot determine local hostname
2026-08-09T00:26:03.812+05:30  INFO 15836 --- [PROFILE-SERVICE] [           main] c.a.profileservice.ProfileApplication    : Started ProfileApplication in 27.246 seconds (process running for 28.606)
2026-08-09T00:26:23.688+05:30  INFO 15836 --- [PROFILE-SERVICE] [nio-8082-exec-1] o.a.c.c.C.[Tomcat].[localhost].[/]       : Initializing Spring DispatcherServlet 'dispatcherServlet'
2026-08-09T00:26:23.690+05:30  INFO 15836 --- [PROFILE-SERVICE] [nio-8082-exec-1] o.s.web.servlet.DispatcherServlet        : Initializing Servlet 'dispatcherServlet'
2026-08-09T00:26:23.695+05:30  INFO 15836 --- [PROFILE-SERVICE] [nio-8082-exec-1] o.s.web.servlet.DispatcherServlet        : Completed initialization in 3 ms
Hibernate: 
    select
        p1_0.id,
        p1_0.bio,
        p1_0.created_at,
        p1_0.current_company,
        p1_0.designation,
        p1_0.education,
        p1_0.email,
        p1_0.full_name,
        p1_0.graduation_year,
        p1_0.location,
        p1_0.phone,
        p1_0.profile_picture,
        p1_0.resume,
        p1_0.skills,
        p1_0.updated_at,
        p1_0.user_id 
    from
        profiles p1_0 
    where
        p1_0.user_id=?
Hibernate: 
    select
        p1_0.id,
        p1_0.bio,
        p1_0.created_at,
        p1_0.current_company,
        p1_0.designation,
        p1_0.education,
        p1_0.email,
        p1_0.full_name,
        p1_0.graduation_year,
        p1_0.location,
        p1_0.phone,
        p1_0.profile_picture,
        p1_0.resume,
        p1_0.skills,
        p1_0.updated_at,
        p1_0.user_id 
    from
        profiles p1_0 
    where
        p1_0.user_id=?
