
  .   ____          _            __ _ _
 /\\ / ___'_ __ _ _(_)_ __  __ _ \ \ \ \
( ( )\___ | '_ | '_| | '_ \/ _` | \ \ \ \
 \\/  ___)| |_)| | | | | || (_| |  ) ) ) )
  '  |____| .__|_| |_|_| |_\__, | / / / /
 =========|_|==============|___/=/_/_/_/
 :: Spring Boot ::                (v3.2.5)

2026-07-27T19:58:36.598+05:30  INFO 25248 --- [service-registry] [           main] c.a.registry.ServiceRegistryApplication  : Starting ServiceRegistryApplication v1.0.0 using Java 24.0.1 with PID 25248 (E:\alumni-management-system\ServiceRegistry\target\ServiceRegistry-1.0.0.jar started by ROHIT SINGH in E:\alumni-management-system)
2026-07-27T19:58:36.603+05:30  INFO 25248 --- [service-registry] [           main] c.a.registry.ServiceRegistryApplication  : No active profile set, falling back to 1 default profile: "default"
2026-07-27T19:58:38.759+05:30  INFO 25248 --- [service-registry] [           main] o.s.cloud.context.scope.GenericScope     : BeanFactory id=5edf77d0-f109-334e-864c-34b2adad1fd9
2026-07-27T19:58:38.922+05:30  WARN 25248 --- [service-registry] [           main] trationDelegate$BeanPostProcessorChecker : Bean 'org.springframework.cloud.client.loadbalancer.LoadBalancerAutoConfiguration$DeferringLoadBalancerInterceptorConfig' of type [org.springframework.cloud.client.loadbalancer.LoadBalancerAutoConfiguration$DeferringLoadBalancerInterceptorConfig] is not eligible for getting processed by all BeanPostProcessors (for example: not eligible for auto-proxying). The currently created BeanPostProcessor [lbRestClientPostProcessor] is declared through a non-static factory method on that class; consider declaring it as static instead.
2026-07-27T19:58:38.967+05:30  WARN 25248 --- [service-registry] [           main] trationDelegate$BeanPostProcessorChecker : Bean 'deferringLoadBalancerInterceptor' of type [org.springframework.cloud.client.loadbalancer.DeferringLoadBalancerInterceptor] is not eligible for getting processed by all BeanPostProcessors (for example: not eligible for auto-proxying). Is this bean getting eagerly injected into a currently created BeanPostProcessor [lbRestClientPostProcessor]? Check the corresponding BeanPostProcessor declaration and its dependencies.
2026-07-27T19:58:39.491+05:30  INFO 25248 --- [service-registry] [           main] o.s.b.w.embedded.tomcat.TomcatWebServer  : Tomcat initialized with port 8761 (http)
2026-07-27T19:58:39.573+05:30  INFO 25248 --- [service-registry] [           main] o.apache.catalina.core.StandardService   : Starting service [Tomcat]
2026-07-27T19:58:39.574+05:30  INFO 25248 --- [service-registry] [           main] o.apache.catalina.core.StandardEngine    : Starting Servlet engine: [Apache Tomcat/10.1.20]
2026-07-27T19:58:39.644+05:30  INFO 25248 --- [service-registry] [           main] o.a.c.c.C.[Tomcat].[localhost].[/]       : Initializing Spring embedded WebApplicationContext
2026-07-27T19:58:39.646+05:30  INFO 25248 --- [service-registry] [           main] w.s.c.ServletWebServerApplicationContext : Root WebApplicationContext: initialization completed in 2875 ms
2026-07-27T19:58:41.492+05:30  INFO 25248 --- [service-registry] [           main] c.n.d.provider.DiscoveryJerseyProvider   : Using JSON encoding codec LegacyJacksonJson
2026-07-27T19:58:41.531+05:30  INFO 25248 --- [service-registry] [           main] c.n.d.provider.DiscoveryJerseyProvider   : Using JSON decoding codec LegacyJacksonJson
2026-07-27T19:58:42.040+05:30  INFO 25248 --- [service-registry] [           main] c.n.d.provider.DiscoveryJerseyProvider   : Using XML encoding codec XStreamXml
2026-07-27T19:58:42.061+05:30  INFO 25248 --- [service-registry] [           main] c.n.d.provider.DiscoveryJerseyProvider   : Using XML decoding codec XStreamXml
2026-07-27T19:58:43.985+05:30  INFO 25248 --- [service-registry] [           main] o.s.cloud.commons.util.InetUtils         : Cannot determine local hostname
2026-07-27T19:58:45.544+05:30  INFO 25248 --- [service-registry] [           main] o.s.cloud.commons.util.InetUtils         : Cannot determine local hostname
2026-07-27T19:58:45.681+05:30  WARN 25248 --- [service-registry] [           main] iguration$LoadBalancerCaffeineWarnLogger : Spring Cloud LoadBalancer is currently working with the default cache. While this cache implementation is useful for development and tests, it's recommended to use Caffeine cache in production.You can switch to using Caffeine cache, by adding it and org.springframework.cache.caffeine.CaffeineCacheManager to the classpath.
2026-07-27T19:58:45.726+05:30  INFO 25248 --- [service-registry] [           main] o.s.c.n.eureka.InstanceInfoFactory       : Setting initial instance status as: STARTING
2026-07-27T19:58:45.785+05:30  INFO 25248 --- [service-registry] [           main] com.netflix.discovery.DiscoveryClient    : Initializing Eureka in region us-east-1
2026-07-27T19:58:45.786+05:30  INFO 25248 --- [service-registry] [           main] com.netflix.discovery.DiscoveryClient    : Client configured to neither register nor query for data.
2026-07-27T19:58:45.800+05:30  INFO 25248 --- [service-registry] [           main] com.netflix.discovery.DiscoveryClient    : Discovery Client initialized at timestamp 1785162525799 with initial instances count: 0
2026-07-27T19:58:45.867+05:30  INFO 25248 --- [service-registry] [           main] c.n.eureka.DefaultEurekaServerContext    : Initializing ...
2026-07-27T19:58:45.871+05:30  WARN 25248 --- [service-registry] [           main] c.n.eureka.cluster.PeerEurekaNodes       : The replica size seems to be empty. Check the route 53 DNS Registry
2026-07-27T19:58:46.034+05:30  INFO 25248 --- [service-registry] [           main] c.n.e.registry.AbstractInstanceRegistry  : Finished initializing remote region registries. All known remote regions: []
2026-07-27T19:58:46.035+05:30  INFO 25248 --- [service-registry] [           main] c.n.eureka.DefaultEurekaServerContext    : Initialized
2026-07-27T19:58:46.058+05:30  INFO 25248 --- [service-registry] [           main] o.s.b.a.e.web.EndpointLinksResolver      : Exposing 1 endpoint(s) beneath base path '/actuator'
2026-07-27T19:58:46.145+05:30  INFO 25248 --- [service-registry] [           main] o.s.c.n.e.s.EurekaServiceRegistry        : Registering application SERVICE-REGISTRY with eureka with status UP
2026-07-27T19:58:46.171+05:30  INFO 25248 --- [service-registry] [       Thread-9] o.s.c.n.e.server.EurekaServerBootstrap   : isAws returned false
2026-07-27T19:58:46.172+05:30  INFO 25248 --- [service-registry] [       Thread-9] o.s.c.n.e.server.EurekaServerBootstrap   : Initialized server context
2026-07-27T19:58:46.173+05:30  INFO 25248 --- [service-registry] [       Thread-9] c.n.e.r.PeerAwareInstanceRegistryImpl    : Got 1 instances from neighboring DS node
2026-07-27T19:58:46.173+05:30  INFO 25248 --- [service-registry] [       Thread-9] c.n.e.r.PeerAwareInstanceRegistryImpl    : Renew threshold is: 1
2026-07-27T19:58:46.174+05:30  INFO 25248 --- [service-registry] [       Thread-9] c.n.e.r.PeerAwareInstanceRegistryImpl    : Changing status to UP
2026-07-27T19:58:46.192+05:30  INFO 25248 --- [service-registry] [       Thread-9] e.s.EurekaServerInitializerConfiguration : Started Eureka Server
2026-07-27T19:58:46.200+05:30  INFO 25248 --- [service-registry] [           main] o.s.b.w.embedded.tomcat.TomcatWebServer  : Tomcat started on port 8761 (http) with context path ''
2026-07-27T19:58:46.202+05:30  INFO 25248 --- [service-registry] [           main] .s.c.n.e.s.EurekaAutoServiceRegistration : Updating port to 8761
2026-07-27T19:58:47.214+05:30  INFO 25248 --- [service-registry] [           main] o.s.cloud.commons.util.InetUtils         : Cannot determine local hostname
2026-07-27T19:58:47.239+05:30  INFO 25248 --- [service-registry] [           main] c.a.registry.ServiceRegistryApplication  : Started ServiceRegistryApplication in 12.733 seconds (process running for 13.765)
2026-07-27T19:59:13.833+05:30  INFO 25248 --- [service-registry] [nio-8761-exec-1] o.a.c.c.C.[Tomcat].[localhost].[/]       : Initializing Spring DispatcherServlet 'dispatcherServlet'
2026-07-27T19:59:13.834+05:30  INFO 25248 --- [service-registry] [nio-8761-exec-1] o.s.web.servlet.DispatcherServlet        : Initializing Servlet 'dispatcherServlet'
2026-07-27T19:59:13.836+05:30  INFO 25248 --- [service-registry] [nio-8761-exec-1] o.s.web.servlet.DispatcherServlet        : Completed initialization in 1 ms
2026-07-27T19:59:14.541+05:30  INFO 25248 --- [service-registry] [nio-8761-exec-2] c.n.e.registry.AbstractInstanceRegistry  : Registered instance API-GATEWAY/localhost:api-gateway:9191 with status UP (replication=false)
2026-07-27T19:59:24.729+05:30  INFO 25248 --- [service-registry] [nio-8761-exec-4] c.n.e.registry.AbstractInstanceRegistry  : Registered instance USER-SERVICE/localhost:USER-SERVICE:8081 with status UP (replication=false)
2026-07-27T19:59:33.321+05:30  INFO 25248 --- [service-registry] [nio-8761-exec-6] c.n.e.registry.AbstractInstanceRegistry  : Registered instance PROFILE-SERVICE/localhost:PROFILE-SERVICE:8082 with status UP (replication=false)
2026-07-27T19:59:41.426+05:30  INFO 25248 --- [service-registry] [nio-8761-exec-8] c.n.e.registry.AbstractInstanceRegistry  : Registered instance JOB-SERVICE/localhost:JOB-SERVICE:8083 with status UP (replication=false)
2026-07-27T19:59:46.177+05:30  INFO 25248 --- [service-registry] [a-EvictionTimer] c.n.e.registry.AbstractInstanceRegistry  : Running the evict task with compensationTime 0ms
2026-07-27T19:59:48.250+05:30  INFO 25248 --- [service-registry] [nio-8761-exec-2] c.n.e.registry.AbstractInstanceRegistry  : Registered instance APPLICATION-SERVICE/localhost:APPLICATION-SERVICE:8084 with status UP (replication=false)
2026-07-27T19:59:53.473+05:30  INFO 25248 --- [service-registry] [nio-8761-exec-4] c.n.e.registry.AbstractInstanceRegistry  : Registered instance REFERRAL-SERVICE/localhost:REFERRAL-SERVICE:8085 with status UP (replication=false)
2026-07-27T19:59:57.659+05:30  INFO 25248 --- [service-registry] [nio-8761-exec-8] c.n.e.registry.AbstractInstanceRegistry  : Registered instance MESSAGE-SERVICE/localhost:MESSAGE-SERVICE:8086 with status UP (replication=false)
2026-07-27T19:59:59.328+05:30  INFO 25248 --- [service-registry] [io-8761-exec-10] c.n.e.registry.AbstractInstanceRegistry  : Registered instance NOTIFICATION-SERVICE/localhost:NOTIFICATION-SERVICE:8087 with status UP (replication=false)
