
  .   ____          _            __ _ _
 /\\ / ___'_ __ _ _(_)_ __  __ _ \ \ \ \
( ( )\___ | '_ | '_| | '_ \/ _` | \ \ \ \
 \\/  ___)| |_)| | | | | || (_| |  ) ) ) )
  '  |____| .__|_| |_|_| |_\__, | / / / /
 =========|_|==============|___/=/_/_/_/
 :: Spring Boot ::                (v3.2.5)

2026-07-28T13:49:41.859+05:30  INFO 10784 --- [USER-SERVICE] [           main] c.a.userservice.UserServiceApplication   : Starting UserServiceApplication v1.0.0 using Java 24.0.1 with PID 10784 (E:\alumni-management-system\UserService\target\UserService-1.0.0.jar started by ROHIT SINGH in E:\alumni-management-system)
2026-07-28T13:49:41.866+05:30  INFO 10784 --- [USER-SERVICE] [           main] c.a.userservice.UserServiceApplication   : No active profile set, falling back to 1 default profile: "default"
2026-07-28T13:49:49.154+05:30  INFO 10784 --- [USER-SERVICE] [           main] .s.d.r.c.RepositoryConfigurationDelegate : Bootstrapping Spring Data JPA repositories in DEFAULT mode.
2026-07-28T13:49:50.048+05:30  INFO 10784 --- [USER-SERVICE] [           main] .s.d.r.c.RepositoryConfigurationDelegate : Finished Spring Data repository scanning in 858 ms. Found 1 JPA repository interface.
2026-07-28T13:49:51.696+05:30  INFO 10784 --- [USER-SERVICE] [           main] o.s.cloud.context.scope.GenericScope     : BeanFactory id=adeeed25-473e-3d21-979b-f9ae7988a0aa
2026-07-28T13:49:52.905+05:30  WARN 10784 --- [USER-SERVICE] [           main] trationDelegate$BeanPostProcessorChecker : Bean 'org.springframework.cloud.client.loadbalancer.LoadBalancerAutoConfiguration$DeferringLoadBalancerInterceptorConfig' of type [org.springframework.cloud.client.loadbalancer.LoadBalancerAutoConfiguration$DeferringLoadBalancerInterceptorConfig] is not eligible for getting processed by all BeanPostProcessors (for example: not eligible for auto-proxying). The currently created BeanPostProcessor [lbRestClientPostProcessor] is declared through a non-static factory method on that class; consider declaring it as static instead.
2026-07-28T13:49:52.924+05:30  WARN 10784 --- [USER-SERVICE] [           main] trationDelegate$BeanPostProcessorChecker : Bean 'deferringLoadBalancerInterceptor' of type [org.springframework.cloud.client.loadbalancer.DeferringLoadBalancerInterceptor] is not eligible for getting processed by all BeanPostProcessors (for example: not eligible for auto-proxying). Is this bean getting eagerly injected into a currently created BeanPostProcessor [lbRestClientPostProcessor]? Check the corresponding BeanPostProcessor declaration and its dependencies.
2026-07-28T13:49:56.173+05:30  INFO 10784 --- [USER-SERVICE] [           main] o.s.b.w.embedded.tomcat.TomcatWebServer  : Tomcat initialized with port 8081 (http)
2026-07-28T13:49:56.243+05:30  INFO 10784 --- [USER-SERVICE] [           main] o.apache.catalina.core.StandardService   : Starting service [Tomcat]
2026-07-28T13:49:56.245+05:30  INFO 10784 --- [USER-SERVICE] [           main] o.apache.catalina.core.StandardEngine    : Starting Servlet engine: [Apache Tomcat/10.1.20]
2026-07-28T13:49:56.860+05:30  INFO 10784 --- [USER-SERVICE] [           main] o.a.c.c.C.[Tomcat].[localhost].[/]       : Initializing Spring embedded WebApplicationContext
2026-07-28T13:49:56.872+05:30  INFO 10784 --- [USER-SERVICE] [           main] w.s.c.ServletWebServerApplicationContext : Root WebApplicationContext: initialization completed in 14347 ms
2026-07-28T13:49:58.034+05:30  INFO 10784 --- [USER-SERVICE] [           main] o.hibernate.jpa.internal.util.LogHelper  : HHH000204: Processing PersistenceUnitInfo [name: default]
2026-07-28T13:49:58.521+05:30  INFO 10784 --- [USER-SERVICE] [           main] org.hibernate.Version                    : HHH000412: Hibernate ORM core version 6.4.4.Final
2026-07-28T13:49:58.772+05:30  INFO 10784 --- [USER-SERVICE] [           main] o.h.c.internal.RegionFactoryInitiator    : HHH000026: Second-level cache disabled
2026-07-28T13:50:00.128+05:30  INFO 10784 --- [USER-SERVICE] [           main] o.s.o.j.p.SpringPersistenceUnitInfo      : No LoadTimeWeaver setup: ignoring JPA class transformer
2026-07-28T13:50:00.417+05:30  INFO 10784 --- [USER-SERVICE] [           main] com.zaxxer.hikari.HikariDataSource       : HikariPool-1 - Starting...
2026-07-28T13:50:02.073+05:30  INFO 10784 --- [USER-SERVICE] [           main] com.zaxxer.hikari.pool.HikariPool        : HikariPool-1 - Added connection com.mysql.cj.jdbc.ConnectionImpl@69a90b81
2026-07-28T13:50:02.078+05:30  INFO 10784 --- [USER-SERVICE] [           main] com.zaxxer.hikari.HikariDataSource       : HikariPool-1 - Start completed.
2026-07-28T13:50:02.268+05:30  WARN 10784 --- [USER-SERVICE] [           main] org.hibernate.orm.deprecation            : HHH90000025: MySQLDialect does not need to be specified explicitly using 'hibernate.dialect' (remove the property setting and it will be selected by default)
2026-07-28T13:50:09.683+05:30  INFO 10784 --- [USER-SERVICE] [           main] o.h.e.t.j.p.i.JtaPlatformInitiator       : HHH000489: No JTA platform available (set 'hibernate.transaction.jta.platform' to enable JTA platform integration)
2026-07-28T13:50:10.069+05:30  INFO 10784 --- [USER-SERVICE] [           main] j.LocalContainerEntityManagerFactoryBean : Initialized JPA EntityManagerFactory for persistence unit 'default'
2026-07-28T13:50:12.950+05:30  WARN 10784 --- [USER-SERVICE] [           main] JpaBaseConfiguration$JpaWebConfiguration : spring.jpa.open-in-view is enabled by default. Therefore, database queries may be performed during view rendering. Explicitly configure spring.jpa.open-in-view to disable this warning
2026-07-28T13:50:13.434+05:30  WARN 10784 --- [USER-SERVICE] [           main] .s.s.UserDetailsServiceAutoConfiguration : 

Using generated security password: a2cf9207-7b10-4408-9886-06f5b6639e81

This generated password is for development use only. Your security configuration must be updated before running your application in production.

2026-07-28T13:50:15.349+05:30  INFO 10784 --- [USER-SERVICE] [           main] o.s.s.web.DefaultSecurityFilterChain     : Will secure any request with [org.springframework.security.web.session.DisableEncodeUrlFilter@359fd0a2, org.springframework.security.web.context.request.async.WebAsyncManagerIntegrationFilter@30b075b9, org.springframework.security.web.context.SecurityContextHolderFilter@7db63a01, org.springframework.security.web.header.HeaderWriterFilter@7a90f33d, org.springframework.web.filter.CorsFilter@510e0dd2, org.springframework.security.web.authentication.logout.LogoutFilter@6a7b4ff5, org.springframework.security.web.savedrequest.RequestCacheAwareFilter@3aac31b7, org.springframework.security.web.servletapi.SecurityContextHolderAwareRequestFilter@57def953, org.springframework.security.web.authentication.AnonymousAuthenticationFilter@54a98358, org.springframework.security.web.access.ExceptionTranslationFilter@597eb9ac, org.springframework.security.web.access.intercept.AuthorizationFilter@3da701a1]
2026-07-28T13:50:19.794+05:30  INFO 10784 --- [USER-SERVICE] [           main] o.s.cloud.commons.util.InetUtils         : Cannot determine local hostname
2026-07-28T13:50:21.655+05:30  INFO 10784 --- [USER-SERVICE] [           main] o.s.cloud.commons.util.InetUtils         : Cannot determine local hostname
2026-07-28T13:50:21.733+05:30  INFO 10784 --- [USER-SERVICE] [           main] DiscoveryClientOptionalArgsConfiguration : Eureka HTTP Client uses RestTemplate.
2026-07-28T13:50:22.551+05:30  WARN 10784 --- [USER-SERVICE] [           main] iguration$LoadBalancerCaffeineWarnLogger : Spring Cloud LoadBalancer is currently working with the default cache. While this cache implementation is useful for development and tests, it's recommended to use Caffeine cache in production.You can switch to using Caffeine cache, by adding it and org.springframework.cache.caffeine.CaffeineCacheManager to the classpath.
2026-07-28T13:50:22.686+05:30  INFO 10784 --- [USER-SERVICE] [           main] o.s.c.n.eureka.InstanceInfoFactory       : Setting initial instance status as: STARTING
2026-07-28T13:50:24.990+05:30  INFO 10784 --- [USER-SERVICE] [           main] com.netflix.discovery.DiscoveryClient    : Initializing Eureka in region us-east-1
2026-07-28T13:50:25.012+05:30  INFO 10784 --- [USER-SERVICE] [           main] c.n.d.s.r.aws.ConfigClusterResolver      : Resolving eureka endpoints via configuration
2026-07-28T13:50:25.259+05:30  INFO 10784 --- [USER-SERVICE] [           main] com.netflix.discovery.DiscoveryClient    : Disable delta property : false
2026-07-28T13:50:25.260+05:30  INFO 10784 --- [USER-SERVICE] [           main] com.netflix.discovery.DiscoveryClient    : Single vip registry refresh property : null
2026-07-28T13:50:25.260+05:30  INFO 10784 --- [USER-SERVICE] [           main] com.netflix.discovery.DiscoveryClient    : Force full registry fetch : false
2026-07-28T13:50:25.261+05:30  INFO 10784 --- [USER-SERVICE] [           main] com.netflix.discovery.DiscoveryClient    : Application is null : false
2026-07-28T13:50:25.261+05:30  INFO 10784 --- [USER-SERVICE] [           main] com.netflix.discovery.DiscoveryClient    : Registered Applications size is zero : true
2026-07-28T13:50:25.262+05:30  INFO 10784 --- [USER-SERVICE] [           main] com.netflix.discovery.DiscoveryClient    : Application version is -1: true
2026-07-28T13:50:25.262+05:30  INFO 10784 --- [USER-SERVICE] [           main] com.netflix.discovery.DiscoveryClient    : Getting all instance registry info from the eureka server
2026-07-28T13:50:28.991+05:30  INFO 10784 --- [USER-SERVICE] [           main] com.netflix.discovery.DiscoveryClient    : The response status is 200
2026-07-28T13:50:28.998+05:30  INFO 10784 --- [USER-SERVICE] [           main] com.netflix.discovery.DiscoveryClient    : Starting heartbeat executor: renew interval is: 30
2026-07-28T13:50:29.006+05:30  INFO 10784 --- [USER-SERVICE] [           main] c.n.discovery.InstanceInfoReplicator     : InstanceInfoReplicator onDemand update allowed rate per min is 4
2026-07-28T13:50:29.025+05:30  INFO 10784 --- [USER-SERVICE] [           main] com.netflix.discovery.DiscoveryClient    : Discovery Client initialized at timestamp 1785226829023 with initial instances count: 0
2026-07-28T13:50:29.033+05:30  INFO 10784 --- [USER-SERVICE] [           main] o.s.c.n.e.s.EurekaServiceRegistry        : Registering application USER-SERVICE with eureka with status UP
2026-07-28T13:50:29.035+05:30  INFO 10784 --- [USER-SERVICE] [           main] com.netflix.discovery.DiscoveryClient    : Saw local status change event StatusChangeEvent [timestamp=1785226829035, current=UP, previous=STARTING]
2026-07-28T13:50:29.096+05:30  INFO 10784 --- [USER-SERVICE] [nfoReplicator-0] com.netflix.discovery.DiscoveryClient    : DiscoveryClient_USER-SERVICE/localhost:USER-SERVICE:8081: registering service...
2026-07-28T13:50:29.123+05:30  INFO 10784 --- [USER-SERVICE] [           main] o.s.b.w.embedded.tomcat.TomcatWebServer  : Tomcat started on port 8081 (http) with context path ''
2026-07-28T13:50:29.127+05:30  INFO 10784 --- [USER-SERVICE] [           main] .s.c.n.e.s.EurekaAutoServiceRegistration : Updating port to 8081
2026-07-28T13:50:29.418+05:30  INFO 10784 --- [USER-SERVICE] [nfoReplicator-0] com.netflix.discovery.DiscoveryClient    : DiscoveryClient_USER-SERVICE/localhost:USER-SERVICE:8081 - registration status: 204
2026-07-28T13:50:30.214+05:30  INFO 10784 --- [USER-SERVICE] [           main] o.s.cloud.commons.util.InetUtils         : Cannot determine local hostname
2026-07-28T13:50:30.302+05:30  INFO 10784 --- [USER-SERVICE] [           main] c.a.userservice.UserServiceApplication   : Started UserServiceApplication in 52.237 seconds (process running for 54.603)
2026-07-28T13:50:58.998+05:30  INFO 10784 --- [USER-SERVICE] [freshExecutor-0] com.netflix.discovery.DiscoveryClient    : Disable delta property : false
2026-07-28T13:50:58.999+05:30  INFO 10784 --- [USER-SERVICE] [freshExecutor-0] com.netflix.discovery.DiscoveryClient    : Single vip registry refresh property : null
2026-07-28T13:50:58.999+05:30  INFO 10784 --- [USER-SERVICE] [freshExecutor-0] com.netflix.discovery.DiscoveryClient    : Force full registry fetch : false
2026-07-28T13:50:58.999+05:30  INFO 10784 --- [USER-SERVICE] [freshExecutor-0] com.netflix.discovery.DiscoveryClient    : Application is null : false
2026-07-28T13:50:59.000+05:30  INFO 10784 --- [USER-SERVICE] [freshExecutor-0] com.netflix.discovery.DiscoveryClient    : Registered Applications size is zero : true
2026-07-28T13:50:59.000+05:30  INFO 10784 --- [USER-SERVICE] [freshExecutor-0] com.netflix.discovery.DiscoveryClient    : Application version is -1: false
2026-07-28T13:50:59.000+05:30  INFO 10784 --- [USER-SERVICE] [freshExecutor-0] com.netflix.discovery.DiscoveryClient    : Getting all instance registry info from the eureka server
2026-07-28T13:50:59.040+05:30  INFO 10784 --- [USER-SERVICE] [freshExecutor-0] com.netflix.discovery.DiscoveryClient    : The response status is 200
2026-07-28T13:51:42.202+05:30  INFO 10784 --- [USER-SERVICE] [nio-8081-exec-2] o.a.c.c.C.[Tomcat].[localhost].[/]       : Initializing Spring DispatcherServlet 'dispatcherServlet'
2026-07-28T13:51:42.202+05:30  INFO 10784 --- [USER-SERVICE] [nio-8081-exec-2] o.s.web.servlet.DispatcherServlet        : Initializing Servlet 'dispatcherServlet'
2026-07-28T13:51:42.206+05:30  INFO 10784 --- [USER-SERVICE] [nio-8081-exec-2] o.s.web.servlet.DispatcherServlet        : Completed initialization in 2 ms
Hibernate: 
    select
        u1_0.id,
        u1_0.created_at,
        u1_0.email,
        u1_0.name,
        u1_0.password,
        u1_0.role,
        u1_0.status 
    from
        users u1_0 
    where
        u1_0.email=?
LOGIN RESPONSE = AuthResponse(token=eyJhbGciOiJIUzI1NiJ9.eyJzdWIiOiJyYWh1bEBnbWFpbC5jb20iLCJ1c2VySWQiOjIsInJvbGUiOiJTVFVERU5UIiwiaWF0IjoxNzg1MjI2OTAyLCJleHAiOjE3ODUzMTMzMDJ9.4vufjAumFwaVid1Wp06IWqrQBcw_UwS84M2_TirV6Mw, id=2, name=Rahul Sharma, email=rahul@gmail.com, role=STUDENT, status=ACTIVE)
Hibernate: 
    select
        u1_0.id,
        u1_0.created_at,
        u1_0.email,
        u1_0.name,
        u1_0.password,
        u1_0.role,
        u1_0.status 
    from
        users u1_0
Hibernate: 
    select
        u1_0.id,
        u1_0.created_at,
        u1_0.email,
        u1_0.name,
        u1_0.password,
        u1_0.role,
        u1_0.status 
    from
        users u1_0
Hibernate: 
    select
        u1_0.id,
        u1_0.created_at,
        u1_0.email,
        u1_0.name,
        u1_0.password,
        u1_0.role,
        u1_0.status 
    from
        users u1_0
Hibernate: 
    select
        u1_0.id,
        u1_0.created_at,
        u1_0.email,
        u1_0.name,
        u1_0.password,
        u1_0.role,
        u1_0.status 
    from
        users u1_0
Hibernate: 
    select
        u1_0.id,
        u1_0.created_at,
        u1_0.email,
        u1_0.name,
        u1_0.password,
        u1_0.role,
        u1_0.status 
    from
        users u1_0
Hibernate: 
    select
        u1_0.id,
        u1_0.created_at,
        u1_0.email,
        u1_0.name,
        u1_0.password,
        u1_0.role,
        u1_0.status 
    from
        users u1_0
Hibernate: 
    select
        u1_0.id,
        u1_0.created_at,
        u1_0.email,
        u1_0.name,
        u1_0.password,
        u1_0.role,
        u1_0.status 
    from
        users u1_0
Hibernate: 
    select
        u1_0.id,
        u1_0.created_at,
        u1_0.email,
        u1_0.name,
        u1_0.password,
        u1_0.role,
        u1_0.status 
    from
        users u1_0
Hibernate: 
    select
        u1_0.id,
        u1_0.created_at,
        u1_0.email,
        u1_0.name,
        u1_0.password,
        u1_0.role,
        u1_0.status 
    from
        users u1_0 
    where
        u1_0.email=?
LOGIN RESPONSE = AuthResponse(token=eyJhbGciOiJIUzI1NiJ9.eyJzdWIiOiJyYXZpQGdtYWlsLmNvbSIsInVzZXJJZCI6Mywicm9sZSI6IkFMVU1OSSIsImlhdCI6MTc4NTIyNjk5MiwiZXhwIjoxNzg1MzEzMzkyfQ.CRizNMyjA9E1_2LcZgwR_F7ZUc4sOyUUd-ulFznZgSU, id=3, name=Ravi, email=ravi@gmail.com, role=ALUMNI, status=ACTIVE)
Hibernate: 
    select
        u1_0.id,
        u1_0.created_at,
        u1_0.email,
        u1_0.name,
        u1_0.password,
        u1_0.role,
        u1_0.status 
    from
        users u1_0
Hibernate: 
    select
        u1_0.id,
        u1_0.created_at,
        u1_0.email,
        u1_0.name,
        u1_0.password,
        u1_0.role,
        u1_0.status 
    from
        users u1_0
Hibernate: 
    select
        u1_0.id,
        u1_0.created_at,
        u1_0.email,
        u1_0.name,
        u1_0.password,
        u1_0.role,
        u1_0.status 
    from
        users u1_0
Hibernate: 
    select
        u1_0.id,
        u1_0.created_at,
        u1_0.email,
        u1_0.name,
        u1_0.password,
        u1_0.role,
        u1_0.status 
    from
        users u1_0
Hibernate: 
    select
        u1_0.id,
        u1_0.created_at,
        u1_0.email,
        u1_0.name,
        u1_0.password,
        u1_0.role,
        u1_0.status 
    from
        users u1_0
Hibernate: 
    select
        u1_0.id,
        u1_0.created_at,
        u1_0.email,
        u1_0.name,
        u1_0.password,
        u1_0.role,
        u1_0.status 
    from
        users u1_0
Hibernate: 
    select
        u1_0.id,
        u1_0.created_at,
        u1_0.email,
        u1_0.name,
        u1_0.password,
        u1_0.role,
        u1_0.status 
    from
        users u1_0
Hibernate: 
    select
        u1_0.id,
        u1_0.created_at,
        u1_0.email,
        u1_0.name,
        u1_0.password,
        u1_0.role,
        u1_0.status 
    from
        users u1_0
Hibernate: 
    select
        u1_0.id,
        u1_0.created_at,
        u1_0.email,
        u1_0.name,
        u1_0.password,
        u1_0.role,
        u1_0.status 
    from
        users u1_0
Hibernate: 
    select
        u1_0.id,
        u1_0.created_at,
        u1_0.email,
        u1_0.name,
        u1_0.password,
        u1_0.role,
        u1_0.status 
    from
        users u1_0
Hibernate: 
    select
        u1_0.id,
        u1_0.created_at,
        u1_0.email,
        u1_0.name,
        u1_0.password,
        u1_0.role,
        u1_0.status 
    from
        users u1_0
Hibernate: 
    select
        u1_0.id,
        u1_0.created_at,
        u1_0.email,
        u1_0.name,
        u1_0.password,
        u1_0.role,
        u1_0.status 
    from
        users u1_0
Hibernate: 
    select
        u1_0.id,
        u1_0.created_at,
        u1_0.email,
        u1_0.name,
        u1_0.password,
        u1_0.role,
        u1_0.status 
    from
        users u1_0
Hibernate: 
    select
        u1_0.id,
        u1_0.created_at,
        u1_0.email,
        u1_0.name,
        u1_0.password,
        u1_0.role,
        u1_0.status 
    from
        users u1_0
Hibernate: 
    select
        u1_0.id,
        u1_0.created_at,
        u1_0.email,
        u1_0.name,
        u1_0.password,
        u1_0.role,
        u1_0.status 
    from
        users u1_0
Hibernate: 
    select
        u1_0.id,
        u1_0.created_at,
        u1_0.email,
        u1_0.name,
        u1_0.password,
        u1_0.role,
        u1_0.status 
    from
        users u1_0
Hibernate: 
    select
        u1_0.id,
        u1_0.created_at,
        u1_0.email,
        u1_0.name,
        u1_0.password,
        u1_0.role,
        u1_0.status 
    from
        users u1_0
Hibernate: 
    select
        u1_0.id,
        u1_0.created_at,
        u1_0.email,
        u1_0.name,
        u1_0.password,
        u1_0.role,
        u1_0.status 
    from
        users u1_0
Hibernate: 
    select
        u1_0.id,
        u1_0.created_at,
        u1_0.email,
        u1_0.name,
        u1_0.password,
        u1_0.role,
        u1_0.status 
    from
        users u1_0
Hibernate: 
    select
        u1_0.id,
        u1_0.created_at,
        u1_0.email,
        u1_0.name,
        u1_0.password,
        u1_0.role,
        u1_0.status 
    from
        users u1_0
Hibernate: 
    select
        u1_0.id,
        u1_0.created_at,
        u1_0.email,
        u1_0.name,
        u1_0.password,
        u1_0.role,
        u1_0.status 
    from
        users u1_0
Hibernate: 
    select
        u1_0.id,
        u1_0.created_at,
        u1_0.email,
        u1_0.name,
        u1_0.password,
        u1_0.role,
        u1_0.status 
    from
        users u1_0
Hibernate: 
    select
        u1_0.id,
        u1_0.created_at,
        u1_0.email,
        u1_0.name,
        u1_0.password,
        u1_0.role,
        u1_0.status 
    from
        users u1_0
Hibernate: 
    select
        u1_0.id,
        u1_0.created_at,
        u1_0.email,
        u1_0.name,
        u1_0.password,
        u1_0.role,
        u1_0.status 
    from
        users u1_0
Hibernate: 
    select
        u1_0.id,
        u1_0.created_at,
        u1_0.email,
        u1_0.name,
        u1_0.password,
        u1_0.role,
        u1_0.status 
    from
        users u1_0
Hibernate: 
    select
        u1_0.id,
        u1_0.created_at,
        u1_0.email,
        u1_0.name,
        u1_0.password,
        u1_0.role,
        u1_0.status 
    from
        users u1_0
2026-07-28T13:55:25.269+05:30  INFO 10784 --- [USER-SERVICE] [trap-executor-0] c.n.d.s.r.aws.ConfigClusterResolver      : Resolving eureka endpoints via configuration
Hibernate: 
    select
        u1_0.id,
        u1_0.created_at,
        u1_0.email,
        u1_0.name,
        u1_0.password,
        u1_0.role,
        u1_0.status 
    from
        users u1_0
Hibernate: 
    select
        u1_0.id,
        u1_0.created_at,
        u1_0.email,
        u1_0.name,
        u1_0.password,
        u1_0.role,
        u1_0.status 
    from
        users u1_0
Hibernate: 
    select
        u1_0.id,
        u1_0.created_at,
        u1_0.email,
        u1_0.name,
        u1_0.password,
        u1_0.role,
        u1_0.status 
    from
        users u1_0
Hibernate: 
    select
        u1_0.id,
        u1_0.created_at,
        u1_0.email,
        u1_0.name,
        u1_0.password,
        u1_0.role,
        u1_0.status 
    from
        users u1_0
Hibernate: 
    select
        u1_0.id,
        u1_0.created_at,
        u1_0.email,
        u1_0.name,
        u1_0.password,
        u1_0.role,
        u1_0.status 
    from
        users u1_0
Hibernate: 
    select
        u1_0.id,
        u1_0.created_at,
        u1_0.email,
        u1_0.name,
        u1_0.password,
        u1_0.role,
        u1_0.status 
    from
        users u1_0
Hibernate: 
    select
        u1_0.id,
        u1_0.created_at,
        u1_0.email,
        u1_0.name,
        u1_0.password,
        u1_0.role,
        u1_0.status 
    from
        users u1_0
Hibernate: 
    select
        u1_0.id,
        u1_0.created_at,
        u1_0.email,
        u1_0.name,
        u1_0.password,
        u1_0.role,
        u1_0.status 
    from
        users u1_0
Hibernate: 
    select
        u1_0.id,
        u1_0.created_at,
        u1_0.email,
        u1_0.name,
        u1_0.password,
        u1_0.role,
        u1_0.status 
    from
        users u1_0
Hibernate: 
    select
        u1_0.id,
        u1_0.created_at,
        u1_0.email,
        u1_0.name,
        u1_0.password,
        u1_0.role,
        u1_0.status 
    from
        users u1_0
Hibernate: 
    select
        u1_0.id,
        u1_0.created_at,
        u1_0.email,
        u1_0.name,
        u1_0.password,
        u1_0.role,
        u1_0.status 
    from
        users u1_0
Hibernate: 
    select
        u1_0.id,
        u1_0.created_at,
        u1_0.email,
        u1_0.name,
        u1_0.password,
        u1_0.role,
        u1_0.status 
    from
        users u1_0
Hibernate: 
    select
        u1_0.id,
        u1_0.created_at,
        u1_0.email,
        u1_0.name,
        u1_0.password,
        u1_0.role,
        u1_0.status 
    from
        users u1_0
Hibernate: 
    select
        u1_0.id,
        u1_0.created_at,
        u1_0.email,
        u1_0.name,
        u1_0.password,
        u1_0.role,
        u1_0.status 
    from
        users u1_0
Hibernate: 
    select
        u1_0.id,
        u1_0.created_at,
        u1_0.email,
        u1_0.name,
        u1_0.password,
        u1_0.role,
        u1_0.status 
    from
        users u1_0
Hibernate: 
    select
        u1_0.id,
        u1_0.created_at,
        u1_0.email,
        u1_0.name,
        u1_0.password,
        u1_0.role,
        u1_0.status 
    from
        users u1_0
Hibernate: 
    select
        u1_0.id,
        u1_0.created_at,
        u1_0.email,
        u1_0.name,
        u1_0.password,
        u1_0.role,
        u1_0.status 
    from
        users u1_0
Hibernate: 
    select
        u1_0.id,
        u1_0.created_at,
        u1_0.email,
        u1_0.name,
        u1_0.password,
        u1_0.role,
        u1_0.status 
    from
        users u1_0
Hibernate: 
    select
        u1_0.id,
        u1_0.created_at,
        u1_0.email,
        u1_0.name,
        u1_0.password,
        u1_0.role,
        u1_0.status 
    from
        users u1_0
Hibernate: 
    select
        u1_0.id,
        u1_0.created_at,
        u1_0.email,
        u1_0.name,
        u1_0.password,
        u1_0.role,
        u1_0.status 
    from
        users u1_0
Hibernate: 
    select
        u1_0.id,
        u1_0.created_at,
        u1_0.email,
        u1_0.name,
        u1_0.password,
        u1_0.role,
        u1_0.status 
    from
        users u1_0
Hibernate: 
    select
        u1_0.id,
        u1_0.created_at,
        u1_0.email,
        u1_0.name,
        u1_0.password,
        u1_0.role,
        u1_0.status 
    from
        users u1_0
Hibernate: 
    select
        u1_0.id,
        u1_0.created_at,
        u1_0.email,
        u1_0.name,
        u1_0.password,
        u1_0.role,
        u1_0.status 
    from
        users u1_0
Hibernate: 
    select
        u1_0.id,
        u1_0.created_at,
        u1_0.email,
        u1_0.name,
        u1_0.password,
        u1_0.role,
        u1_0.status 
    from
        users u1_0
Hibernate: 
    select
        u1_0.id,
        u1_0.created_at,
        u1_0.email,
        u1_0.name,
        u1_0.password,
        u1_0.role,
        u1_0.status 
    from
        users u1_0
Hibernate: 
    select
        u1_0.id,
        u1_0.created_at,
        u1_0.email,
        u1_0.name,
        u1_0.password,
        u1_0.role,
        u1_0.status 
    from
        users u1_0
Hibernate: 
    select
        u1_0.id,
        u1_0.created_at,
        u1_0.email,
        u1_0.name,
        u1_0.password,
        u1_0.role,
        u1_0.status 
    from
        users u1_0 
    where
        u1_0.email=?
LOGIN RESPONSE = AuthResponse(token=eyJhbGciOiJIUzI1NiJ9.eyJzdWIiOiJyYXZpQGdtYWlsLmNvbSIsInVzZXJJZCI6Mywicm9sZSI6IkFMVU1OSSIsImlhdCI6MTc4NTIyNzI5NCwiZXhwIjoxNzg1MzEzNjk0fQ.kmFq3MgOFlZWCSCZAd5MvETeBoKh0SKDbnwALcAbIkQ, id=3, name=Ravi, email=ravi@gmail.com, role=ALUMNI, status=ACTIVE)
Hibernate: 
    select
        u1_0.id,
        u1_0.created_at,
        u1_0.email,
        u1_0.name,
        u1_0.password,
        u1_0.role,
        u1_0.status 
    from
        users u1_0
Hibernate: 
    select
        u1_0.id,
        u1_0.created_at,
        u1_0.email,
        u1_0.name,
        u1_0.password,
        u1_0.role,
        u1_0.status 
    from
        users u1_0
Hibernate: 
    select
        u1_0.id,
        u1_0.created_at,
        u1_0.email,
        u1_0.name,
        u1_0.password,
        u1_0.role,
        u1_0.status 
    from
        users u1_0 
    where
        u1_0.email=?
LOGIN RESPONSE = AuthResponse(token=eyJhbGciOiJIUzI1NiJ9.eyJzdWIiOiJyYWh1bEBnbWFpbC5jb20iLCJ1c2VySWQiOjIsInJvbGUiOiJTVFVERU5UIiwiaWF0IjoxNzg1MjI3MzA5LCJleHAiOjE3ODUzMTM3MDl9.x6IHnyoKU3977dq999gVskl05xtZrg6GLyS4qEHzOxI, id=2, name=Rahul Sharma, email=rahul@gmail.com, role=STUDENT, status=ACTIVE)
Hibernate: 
    select
        u1_0.id,
        u1_0.created_at,
        u1_0.email,
        u1_0.name,
        u1_0.password,
        u1_0.role,
        u1_0.status 
    from
        users u1_0
Hibernate: 
    select
        u1_0.id,
        u1_0.created_at,
        u1_0.email,
        u1_0.name,
        u1_0.password,
        u1_0.role,
        u1_0.status 
    from
        users u1_0
Hibernate: 
    select
        u1_0.id,
        u1_0.created_at,
        u1_0.email,
        u1_0.name,
        u1_0.password,
        u1_0.role,
        u1_0.status 
    from
        users u1_0
Hibernate: 
    select
        u1_0.id,
        u1_0.created_at,
        u1_0.email,
        u1_0.name,
        u1_0.password,
        u1_0.role,
        u1_0.status 
    from
        users u1_0
Hibernate: 
    select
        u1_0.id,
        u1_0.created_at,
        u1_0.email,
        u1_0.name,
        u1_0.password,
        u1_0.role,
        u1_0.status 
    from
        users u1_0
Hibernate: 
    select
        u1_0.id,
        u1_0.created_at,
        u1_0.email,
        u1_0.name,
        u1_0.password,
        u1_0.role,
        u1_0.status 
    from
        users u1_0
2026-07-28T14:00:25.270+05:30  INFO 10784 --- [USER-SERVICE] [trap-executor-0] c.n.d.s.r.aws.ConfigClusterResolver      : Resolving eureka endpoints via configuration
